c[?7l[2J[0mSeaBIOS (version 1.16.3-debian-1.16.3-2)
Booting from ROM..c[?7l[2J[    0.000000] Linux version 6.15.0-rc3-vruntime_overflow_buggy (Tingjia@node0.sched2.advosuwmadison-pg0.wisc.cloudlab.us) (gcc (Ubuntu 13.3.0-6ubuntu2~24.04.1) 13.3.0, GNU ld (GNU Binutils for Ubuntu) 2.42) #1 SMP 1970-01-01
[    0.000000] Command line: rw nokaslr loglevel=7 sched_verbose isolcpus=nohz,managed_irq,1 irqaffinity=0 rcu_nocbs=1 nohz_full=1 init=/init panic=-1 console=ttyS0 tsc=nowatchdog -- driver=vruntime_overflow
[    0.000000] BIOS-provided physical RAM map:
[    0.000000] BIOS-e820: [mem 0x0000000000000000-0x000000000009fbff] usable
[    0.000000] BIOS-e820: [mem 0x000000000009fc00-0x000000000009ffff] reserved
[    0.000000] BIOS-e820: [mem 0x00000000000f0000-0x00000000000fffff] reserved
[    0.000000] BIOS-e820: [mem 0x0000000000100000-0x000000001ffdffff] usable
[    0.000000] BIOS-e820: [mem 0x000000001ffe0000-0x000000001fffffff] reserved
[    0.000000] BIOS-e820: [mem 0x00000000feffc000-0x00000000feffffff] reserved
[    0.000000] BIOS-e820: [mem 0x00000000fffc0000-0x00000000ffffffff] reserved
[    0.000000] NX (Execute Disable) protection: active
[    0.000000] APIC: Static calls initialized
[    0.000000] Hypervisor detected: KVM
[    0.000000] kvm-clock: Using msrs 4b564d01 and 4b564d00
[    0.000001] kvm-clock: using sched offset of 136517550 cycles
[    0.000003] clocksource: kvm-clock: mask: 0xffffffffffffffff max_cycles: 0x1cd42e4dffb, max_idle_ns: 881590591483 ns
[    0.000006] tsc: Detected 2199.998 MHz processor
[    0.000612] last_pfn = 0x1ffe0 max_arch_pfn = 0x400000000
[    0.000613] x86/PAT: PAT support disabled because CONFIG_X86_PAT is disabled in the kernel.
[    0.000617] x86/PAT: Configuration [0-7]: WB  WT  UC- UC  WB  WT  UC- UC  
[    0.000627] Using GB pages for direct mapping
[    0.000812] RAMDISK: [mem 0x1f5d4000-0x1ffdffff]
[    0.000813] ACPI: Early table checksum verification disabled
[    0.000816] ACPI: RSDP 0x00000000000F5290 000014 (v00 BOCHS )
[    0.000827] ACPI: RSDT 0x000000001FFE1CE8 000034 (v01 BOCHS  BXPC     00000001 BXPC 00000001)
[    0.000834] ACPI: FACP 0x000000001FFE1B94 000074 (v01 BOCHS  BXPC     00000001 BXPC 00000001)
[    0.000840] ACPI: DSDT 0x000000001FFE0040 001B54 (v01 BOCHS  BXPC     00000001 BXPC 00000001)
[    0.000844] ACPI: FACS 0x000000001FFE0000 000040
[    0.000848] ACPI: APIC 0x000000001FFE1C08 000080 (v03 BOCHS  BXPC     00000001 BXPC 00000001)
[    0.000852] ACPI: HPET 0x000000001FFE1C88 000038 (v01 BOCHS  BXPC     00000001 BXPC 00000001)
[    0.000855] ACPI: WAET 0x000000001FFE1CC0 000028 (v01 BOCHS  BXPC     00000001 BXPC 00000001)
[    0.000859] ACPI: Reserving FACP table memory at [mem 0x1ffe1b94-0x1ffe1c07]
[    0.000860] ACPI: Reserving DSDT table memory at [mem 0x1ffe0040-0x1ffe1b93]
[    0.000861] ACPI: Reserving FACS table memory at [mem 0x1ffe0000-0x1ffe003f]
[    0.000862] ACPI: Reserving APIC table memory at [mem 0x1ffe1c08-0x1ffe1c87]
[    0.000863] ACPI: Reserving HPET table memory at [mem 0x1ffe1c88-0x1ffe1cbf]
[    0.000864] ACPI: Reserving WAET table memory at [mem 0x1ffe1cc0-0x1ffe1ce7]
[    0.000902] No NUMA configuration found
[    0.000903] Faking a node at [mem 0x0000000000000000-0x000000001ffdffff]
[    0.000907] NODE_DATA(0) allocated [mem 0x1f5d1580-0x1f5d3fff]
[    0.000921] Zone ranges:
[    0.000922]   DMA32    [mem 0x0000000000001000-0x000000001ffdffff]
[    0.000924]   Normal   empty
[    0.000925] Movable zone start for each node
[    0.000926] Early memory node ranges
[    0.000927]   node   0: [mem 0x0000000000001000-0x000000000009efff]
[    0.000928]   node   0: [mem 0x0000000000100000-0x000000001ffdffff]
[    0.000929] Initmem setup node 0 [mem 0x0000000000001000-0x000000001ffdffff]
[    0.001668] On node 0, zone DMA32: 1 pages in unavailable ranges
[    0.005864] On node 0, zone DMA32: 97 pages in unavailable ranges
[    0.005879] On node 0, zone DMA32: 32 pages in unavailable ranges
[    0.005896] ACPI: LAPIC_NMI (acpi_id[0xff] dfl dfl lint[0x1])
[    0.005971] IOAPIC[0]: apic_id 0, version 17, address 0xfec00000, GSI 0-23
[    0.005975] ACPI: INT_SRC_OVR (bus 0 bus_irq 0 global_irq 2 dfl dfl)
[    0.005977] ACPI: INT_SRC_OVR (bus 0 bus_irq 5 global_irq 5 high level)
[    0.005979] ACPI: INT_SRC_OVR (bus 0 bus_irq 9 global_irq 9 high level)
[    0.005980] ACPI: INT_SRC_OVR (bus 0 bus_irq 10 global_irq 10 high level)
[    0.005982] ACPI: INT_SRC_OVR (bus 0 bus_irq 11 global_irq 11 high level)
[    0.005987] ACPI: Using ACPI (MADT) for SMP configuration information
[    0.005989] ACPI: HPET id: 0x8086a201 base: 0xfed00000
[    0.005992] TSC deadline timer available
[    0.006000] CPU topo: Max. logical packages:   1
[    0.006001] CPU topo: Max. logical dies:       1
[    0.006002] CPU topo: Max. dies per package:   1
[    0.006009] CPU topo: Max. threads per core:   1
[    0.006010] CPU topo: Num. cores per package:     2
[    0.006011] CPU topo: Num. threads per package:   2
[    0.006011] CPU topo: Allowing 2 present CPUs plus 0 hotplug CPUs
[    0.006030] kvm-guest: APIC: eoi() replaced with kvm_guest_apic_eoi_write()
[    0.006044] kvm-guest: KVM setup pv remote TLB flush
[    0.006051] kvm-guest: setup PV sched yield
[    0.006055] [mem 0x20000000-0xfeffbfff] available for PCI devices
[    0.006057] Booting paravirtualized kernel on KVM
[    0.006058] clocksource: refined-jiffies: mask: 0xffffffff max_cycles: 0xffffffff, max_idle_ns: 1910969940391419 ns
[    0.007877] setup_percpu: NR_CPUS:64 nr_cpumask_bits:2 nr_cpu_ids:2 nr_node_ids:1
[    0.008700] percpu: Embedded 47 pages/cpu s151640 r8192 d32680 u1048576
[    0.008747] Kernel command line: rw nokaslr loglevel=7 sched_verbose isolcpus=nohz,managed_irq,1 irqaffinity=0 rcu_nocbs=1 nohz_full=1 init=/init panic=-1 console=ttyS0 tsc=nowatchdog -- driver=vruntime_overflow
[    0.008819] Unknown kernel command line parameters "isolcpus=nohz,managed_irq,1 rcu_nocbs=1 nohz_full=1", will be passed to user space.
[    0.008830] random: crng init done
[    0.008831] printk: log buffer data + meta data: 131072 + 458752 = 589824 bytes
[    0.008920] Dentry cache hash table entries: 65536 (order: 7, 524288 bytes, linear)
[    0.008957] Inode-cache hash table entries: 32768 (order: 6, 262144 bytes, linear)
[    0.009009] Fallback order for Node 0: 0 
[    0.009012] Built 1 zonelists, mobility grouping on.  Total pages: 130942
[    0.009013] Policy zone: DMA32
[    0.009015] mem auto-init: stack:all(zero), heap alloc:off, heap free:off
[    0.009964] SLUB: HWalign=64, Order=0-3, MinObjects=0, CPUs=2, Nodes=1
[    0.013082] ftrace: allocating 13391 entries in 53 pages
[    0.013084] ftrace: allocated 53 pages with 4 groups
[    0.013807] rcu: Hierarchical RCU implementation.
[    0.013808] rcu: 	RCU restricting CPUs from NR_CPUS=64 to nr_cpu_ids=2.
[    0.013810] 	Rude variant of Tasks RCU enabled.
[    0.013810] 	Tracing variant of Tasks RCU enabled.
[    0.013811] rcu: RCU calculated value of scheduler-enlistment delay is 100 jiffies.
[    0.013812] rcu: Adjusting geometry for rcu_fanout_leaf=16, nr_cpu_ids=2
[    0.013818] RCU Tasks Rude: Setting shift to 1 and lim to 1 rcu_task_cb_adjust=1 rcu_task_cpu_ids=2.
[    0.013821] RCU Tasks Trace: Setting shift to 1 and lim to 1 rcu_task_cb_adjust=1 rcu_task_cpu_ids=2.
[    0.014746] NR_IRQS: 4352, nr_irqs: 56, preallocated irqs: 16
[    0.014947] rcu: srcu_init: Setting srcu_struct sizes based on contention.
[    0.015092] printk: legacy console [ttyS0] enabled
[    0.306569] ACPI: Core revision 20240827
[    0.308508] clocksource: hpet: mask: 0xffffffff max_cycles: 0xffffffff, max_idle_ns: 19112604467 ns
[    0.312466] APIC: Switch to symmetric I/O mode setup
[    0.314674] kvm-guest: APIC: send_IPI_mask() replaced with kvm_send_ipi_mask()
[    0.317742] kvm-guest: APIC: send_IPI_mask_allbutself() replaced with kvm_send_ipi_mask_allbutself()
[    0.322209] kvm-guest: setup PV IPIs
[    0.326466] ..TIMER: vector=0x30 apic1=0 pin1=2 apic2=-1 pin2=-1
[    0.329888] clocksource: tsc-early: mask: 0xffffffffffffffff max_cycles: 0x1fb63109b96, max_idle_ns: 440795265316 ns
[    0.335694] Calibrating delay loop (skipped) preset value.. 4399.99 BogoMIPS (lpj=2199998)
[    0.337720] Last level iTLB entries: 4KB 0, 2MB 0, 4MB 0
[    0.338695] Last level dTLB entries: 4KB 0, 2MB 0, 4MB 0, 1GB 0
[    0.339704] Spectre V2 : User space: Vulnerable
[    0.340696] Speculative Store Bypass: Vulnerable
[    0.341735] x86/fpu: Supporting XSAVE feature 0x001: 'x87 floating point registers'
[    0.342695] x86/fpu: Supporting XSAVE feature 0x002: 'SSE registers'
[    0.343695] x86/fpu: Supporting XSAVE feature 0x004: 'AVX registers'
[    0.344695] x86/fpu: Supporting XSAVE feature 0x008: 'MPX bounds registers'
[    0.345695] x86/fpu: Supporting XSAVE feature 0x010: 'MPX CSR'
[    0.346695] x86/fpu: Supporting XSAVE feature 0x020: 'AVX-512 opmask'
[    0.347696] x86/fpu: Supporting XSAVE feature 0x040: 'AVX-512 Hi256'
[    0.348698] x86/fpu: Supporting XSAVE feature 0x080: 'AVX-512 ZMM_Hi256'
[    0.349696] x86/fpu: xstate_offset[2]:  576, xstate_sizes[2]:  256
[    0.350697] x86/fpu: xstate_offset[3]:  832, xstate_sizes[3]:   64
[    0.351697] x86/fpu: xstate_offset[4]:  896, xstate_sizes[4]:   64
[    0.352697] x86/fpu: xstate_offset[5]:  960, xstate_sizes[5]:   64
[    0.353697] x86/fpu: xstate_offset[6]: 1024, xstate_sizes[6]:  512
[    0.354696] x86/fpu: xstate_offset[7]: 1536, xstate_sizes[7]: 1024
[    0.355695] x86/fpu: Enabled xstate features 0xff, context size is 2560 bytes, using 'compacted' format.
[    0.357355] Freeing SMP alternatives memory: 12K
[    0.357698] pid_max: default: 32768 minimum: 301
[    0.358720] Mount-cache hash table entries: 1024 (order: 1, 8192 bytes, linear)
[    0.359697] Mountpoint-cache hash table entries: 1024 (order: 1, 8192 bytes, linear)
[    0.360988] smpboot: CPU0: Intel(R) Xeon(R) Silver 4114 CPU @ 2.20GHz (family: 0x6, model: 0x55, stepping: 0x4)
[    0.362030] Performance Events: Skylake events, full-width counters, Intel PMU driver.
[    0.362702] ... version:                2
[    0.363698] ... bit width:              48
[    0.364698] ... generic registers:      4
[    0.365698] ... value mask:             0000ffffffffffff
[    0.366698] ... max period:             00007fffffffffff
[    0.367698] ... fixed-purpose events:   3
[    0.368698] ... event mask:             000000070000000f
[    0.369877] signal: max sigframe size: 3216
[    0.370757] rcu: Hierarchical SRCU implementation.
[    0.371698] rcu: 	Max phase no-delay instances is 400.
[    0.372958] smp: Bringing up secondary CPUs ...
[    0.373897] smpboot: x86: Booting SMP configuration:
[    0.374702] .... node  #0, CPUs:      #1
[    0.375547] smp: Brought up 1 node, 2 CPUs
[    0.376705] smpboot: Total of 2 processors activated (8799.99 BogoMIPS)
[    0.377753] root domain span: 0-1
[    0.378722] Memory: 488920K/523768K available (5071K kernel code, 992K rwdata, 1296K rodata, 940K init, 760K bss, 32608K reserved, 0K cma-reserved)
[    0.380092] devtmpfs: initialized
[    0.381310] clocksource: jiffies: mask: 0xffffffff max_cycles: 0xffffffff, max_idle_ns: 1911260446275000 ns
[    0.381822] thermal_sys: Registered thermal governor 'step_wise'
[    0.381907] cpuidle: using governor ladder
[    0.383770] kprobes: kprobe jump-optimization is enabled. All kprobes are optimized if possible.
[    0.384980] ACPI: Added _OSI(Module Device)
[    0.385701] ACPI: Added _OSI(Processor Device)
[    0.386699] ACPI: Added _OSI(3.0 _SCP Extensions)
[    0.387698] ACPI: Added _OSI(Processor Aggregator Device)
[    0.388706] ACPI Error: AE_BAD_PARAMETER, During Region initialization (20240827/tbxfload-52)
[    0.389698] ACPI: Unable to load the System Description Tables
[    0.390699] ACPI Error: Could not remove SCI handler (20240827/evmisc-251)
[    0.404614] clocksource: Switched to clocksource kvm-clock
[    0.406077] pnp: PnP ACPI: disabled
[    0.409955] clocksource: tsc: mask: 0xffffffffffffffff max_cycles: 0x1fb63109b96, max_idle_ns: 440795265316 ns
[    0.414202] platform rtc_cmos: registered platform RTC device (no PNP device found)
[    0.417676] workingset: timestamp_bits=56 max_order=17 bucket_order=0
[    0.421798] Unpacking initramfs...
[    0.423285] Serial: 8250/16550 driver, 4 ports, IRQ sharing disabled
[    0.426262] serial8250: ttyS0 at I/O 0x3f8 (irq = 4, base_baud = 115200) is a 16550A
[    0.434964] serial8250: ttyS1 at I/O 0x2f8 (irq = 3, base_baud = 115200) is a 16550A
[    0.445106] serial8250: ttyS2 at I/O 0x3e8 (irq = 4, base_baud = 115200) is a 16550A
[    0.447141] Freeing initrd memory: 10288K
[    0.454572] IPI shorthand broadcast: enabled
[    0.460431] sched_clock: Marking stable (145011030, 314737538)->(554278871, -94530303)
[    0.472937] Freeing unused kernel image (initmem) memory: 940K
[    0.474825] Write protecting the kernel read-only data: 8192k
[    0.477378] Freeing unused kernel image (text/rodata gap) memory: 1072K
[    0.479878] Freeing unused kernel image (rodata/data gap) memory: 752K
[    0.481937] Run /init as init process
Loading kmod.ko with params: driver=vruntime_overflow isolcpus=nohz,managed_irq,1 rcu_nocbs=1 nohz_full=1 
[    0.507210] kmod: loading out-of-tree module taints kernel.
[    0.511140] kmod: unknown parameter 'isolcpus' ignored
[    0.512804] kmod: unknown parameter 'rcu_nocbs' ignored
[    0.514461] kmod: unknown parameter 'nohz_full' ignored
[    0.517013] [92mStarting vruntime_overflow on Linux 6.15.0-rc3-vruntime_overflow_buggy[0m
[    0.528247] [92mDisabled workqueue on CPU 1[0m
[    0.529905] [92mMoved kthreads to CPU 0[0m
[    0.531289] [92mWriting /sys/fs/cgroup//cgroup.subtree_control: +cpu +cpuset[0m
[    0.547358] [92mTraced init_tg_cfs_entry with on_sched_group_alloc[0m
[    0.549526] [92mSet min vruntime to 10000000000 ns on cpu 0[0m
[    0.551457] [92mSet min vruntime to 10000000000 ns on cpu 1[0m
[    0.553369] [92mCreated directory /sys/fs/cgroup/g0[0m
[    0.555039] [92mWriting /sys/fs/cgroup/g0/cgroup.subtree_control: +cpu +cpuset[0m
[    0.557463] [92mWriting /sys/fs/cgroup/g0/cpuset.cpus: 1-1[0m
[    0.560460] [92mSet min vruntime to 10000000000 ns on cpu 0[0m
[    0.562375] [92mSet min vruntime to 10000000000 ns on cpu 1[0m
[    0.564289] [92mCreated directory /sys/fs/cgroup/g0/g1[0m
[    0.566056] [92mWriting /sys/fs/cgroup/g0/g1/cgroup.subtree_control: +cpu +cpuset[0m
[    0.568571] [92mWriting /sys/fs/cgroup/g0/g1/cpuset.cpus: 1-1[0m
[    0.571584] [92mSet min vruntime to 10000000000 ns on cpu 0[0m
[    0.573493] [92mSet min vruntime to 10000000000 ns on cpu 1[0m
[    0.575401] [92mCreated directory /sys/fs/cgroup/g0/g2[0m
[    0.577175] [92mWriting /sys/fs/cgroup/g0/g2/cgroup.subtree_control: +cpu +cpuset[0m
[    0.579683] [92mWriting /sys/fs/cgroup/g0/g2/cpuset.cpus: 1-1[0m
[    0.582659] [92mWriting /sys/fs/cgroup/g0/g2/cpu.weight: 15[0m
[    0.585589] [92mWriting /sys/fs/cgroup/g0/g1/cpu.weight: 15[0m
[    0.588585] [92mTask created with pid 41[0m
[    0.591335] [92mTask 41 is ready[0m
[    0.592551] [92mPinned task 41 to CPUs 1-1[0m
[    0.595049] [92mTask created with pid 42[0m
[    0.597773] [92mTask 42 is ready[0m
[    0.598988] [92mPinned task 42 to CPUs 1-1[0m
[    0.601497] [92mTask created with pid 43[0m
[    0.604188] [92mTask 43 is ready[0m
[    0.605413] [92mPinned task 43 to CPUs 1-1[0m
[    0.607887] [92mWriting /sys/fs/cgroup/g0/g2/cgroup.procs: 41[0m
[    0.610924] [92mWriting /sys/fs/cgroup/g0/g1/cgroup.procs: 43[0m
[    0.613960] Topology levels:
[    0.614935] - SMT  |    0 |    1 | SHARE_CPUCAPACITY, SHARE_LLC
[    0.616851] - CLS  |    0 |    1 | CLUSTER, SHARE_LLC
[    0.618480] - MC   |  0-1 |  0-1 | SHARE_LLC
[    0.619856] - PKG  |  0-1 |  0-1 | 
[    0.620992] - NODE |  0-1 |  0-1 | 
[    0.622132] Sched domains:
[    0.623025] - MC[0]: mask=0-1, groups={0: 1024, 1: 1024}, flags=BALANCE_NEWIDLE, BALANCE_EXEC, BALANCE_FORK, WAKE_AFFINE, SHARE_LLC, PREFER_SIBLING
[    0.627253] - MC[1]: mask=0-1, groups={1: 1024, 0: 1024}, flags=BALANCE_NEWIDLE, BALANCE_EXEC, BALANCE_FORK, WAKE_AFFINE, SHARE_LLC, PREFER_SIBLING
[    0.631475] [92mDisabled timer ticks on CPU 1[0m
[    0.633031] [92mDisabled jiffies update[0m
[   10.000000] [92mMocked sched clock[0m
[   10.000000] [92mReset runqueues state[0m
[   10.000000] [92mReset cpumask[0m
[   10.000000] [92mReset tasks state[0m
[   10.000000] [92mRunning driver vruntime_overflow[0m
[   10.000000] [92mWaked up task 41[0m
[   10.000000] [92mWaked up task 43[0m
[   10.000000] [92mWaked up task 42[0m
[   10.017000] [92mWriting /sys/fs/cgroup//cgroup.procs: 41[0m
[   10.017000] [92mWriting /sys/fs/cgroup//cgroup.procs: 43[0m
[   10.017000] [92mWriting /sys/fs/cgroup/g0/cpu.weight: 105[0m
[   10.017000] [92mRemoved directory /sys/fs/cgroup/g0/g2[0m
[   10.017000] [92mWriting /sys/fs/cgroup/g0/cpu.weight: 106[0m
[   10.017000] [92mWriting /sys/fs/cgroup/g0/g1/cgroup.procs: 42[0m
[   10.037000] [92mExiting driver vruntime_overflow on Linux 6.15.0-rc3-vruntime_overflow_buggy[0m
[   10.037000] reboot: Restarting system
[   10.037000] reboot: machine restart
