c[?7l[2J[0mSeaBIOS (version 1.16.3-debian-1.16.3-2)
Booting from ROM..c[?7l[2J[    0.000000] Linux version 6.15.0-rc3-vruntime_overflow_fixed (Tingjia@node0.sched2.advosuwmadison-pg0.wisc.cloudlab.us) (gcc (Ubuntu 13.3.0-6ubuntu2~24.04.1) 13.3.0, GNU ld (GNU Binutils for Ubuntu) 2.42) #1 SMP 1970-01-01
[    0.000000] Command line: rw nokaslr loglevel=7 sched_verbose isolcpus=nohz,managed_irq,1 irqaffinity=0 rcu_nocbs=1 nohz_full=1 init=/init panic=-1 console=ttyS0 tsc=nowatchdog -- driver=vruntime_overflow
[    0.000000] BIOS-provided physical RAM map:
[    0.000000] BIOS-e820: [mem 0x0000000000000000-0x000000000009fbff] usable
[    0.000000] BIOS-e820: [mem 0x000000000009fc00-0x000000000009ffff] reserved
[    0.000000] BIOS-e820: [mem 0x00000000000f0000-0x00000000000fffff] reserved
[    0.000000] BIOS-e820: [mem 0x0000000000100000-0x000000001ffdffff] usable
[    0.000000] BIOS-e820: [mem 0x000000001ffe0000-0x000000001fffffff] reserved
[    0.000000] BIOS-e820: [mem 0x00000000feffc000-0x00000000feffffff] reserved
[    0.000000] BIOS-e820: [mem 0x00000000fffc0000-0x00000000ffffffff] reserved
[    0.000000] NX (Execute Disable) protection: active
[    0.000000] APIC: Static calls initialized
[    0.000000] Hypervisor detected: KVM
[    0.000000] kvm-clock: Using msrs 4b564d01 and 4b564d00
[    0.000001] kvm-clock: using sched offset of 148413896 cycles
[    0.000003] clocksource: kvm-clock: mask: 0xffffffffffffffff max_cycles: 0x1cd42e4dffb, max_idle_ns: 881590591483 ns
[    0.000006] tsc: Detected 2199.998 MHz processor
[    0.000928] last_pfn = 0x1ffe0 max_arch_pfn = 0x400000000
[    0.000929] x86/PAT: PAT support disabled because CONFIG_X86_PAT is disabled in the kernel.
[    0.000933] x86/PAT: Configuration [0-7]: WB  WT  UC- UC  WB  WT  UC- UC  
[    0.000940] Using GB pages for direct mapping
[    0.001152] RAMDISK: [mem 0x1f5d4000-0x1ffdffff]
[    0.001154] ACPI: Early table checksum verification disabled
[    0.001157] ACPI: RSDP 0x00000000000F5290 000014 (v00 BOCHS )
[    0.001168] ACPI: RSDT 0x000000001FFE1CE8 000034 (v01 BOCHS  BXPC     00000001 BXPC 00000001)
[    0.001175] ACPI: FACP 0x000000001FFE1B94 000074 (v01 BOCHS  BXPC     00000001 BXPC 00000001)
[    0.001182] ACPI: DSDT 0x000000001FFE0040 001B54 (v01 BOCHS  BXPC     00000001 BXPC 00000001)
[    0.001186] ACPI: FACS 0x000000001FFE0000 000040
[    0.001191] ACPI: APIC 0x000000001FFE1C08 000080 (v03 BOCHS  BXPC     00000001 BXPC 00000001)
[    0.001195] ACPI: HPET 0x000000001FFE1C88 000038 (v01 BOCHS  BXPC     00000001 BXPC 00000001)
[    0.001200] ACPI: WAET 0x000000001FFE1CC0 000028 (v01 BOCHS  BXPC     00000001 BXPC 00000001)
[    0.001203] ACPI: Reserving FACP table memory at [mem 0x1ffe1b94-0x1ffe1c07]
[    0.001205] ACPI: Reserving DSDT table memory at [mem 0x1ffe0040-0x1ffe1b93]
[    0.001207] ACPI: Reserving FACS table memory at [mem 0x1ffe0000-0x1ffe003f]
[    0.001208] ACPI: Reserving APIC table memory at [mem 0x1ffe1c08-0x1ffe1c87]
[    0.001209] ACPI: Reserving HPET table memory at [mem 0x1ffe1c88-0x1ffe1cbf]
[    0.001210] ACPI: Reserving WAET table memory at [mem 0x1ffe1cc0-0x1ffe1ce7]
[    0.001233] No NUMA configuration found
[    0.001235] Faking a node at [mem 0x0000000000000000-0x000000001ffdffff]
[    0.001239] NODE_DATA(0) allocated [mem 0x1f5d1580-0x1f5d3fff]
[    0.001253] Zone ranges:
[    0.001254]   DMA32    [mem 0x0000000000001000-0x000000001ffdffff]
[    0.001256]   Normal   empty
[    0.001258] Movable zone start for each node
[    0.001258] Early memory node ranges
[    0.001259]   node   0: [mem 0x0000000000001000-0x000000000009efff]
[    0.001261]   node   0: [mem 0x0000000000100000-0x000000001ffdffff]
[    0.001262] Initmem setup node 0 [mem 0x0000000000001000-0x000000001ffdffff]
[    0.001949] On node 0, zone DMA32: 1 pages in unavailable ranges
[    0.005521] On node 0, zone DMA32: 97 pages in unavailable ranges
[    0.005524] On node 0, zone DMA32: 32 pages in unavailable ranges
[    0.005542] ACPI: LAPIC_NMI (acpi_id[0xff] dfl dfl lint[0x1])
[    0.005606] IOAPIC[0]: apic_id 0, version 17, address 0xfec00000, GSI 0-23
[    0.005610] ACPI: INT_SRC_OVR (bus 0 bus_irq 0 global_irq 2 dfl dfl)
[    0.005612] ACPI: INT_SRC_OVR (bus 0 bus_irq 5 global_irq 5 high level)
[    0.005614] ACPI: INT_SRC_OVR (bus 0 bus_irq 9 global_irq 9 high level)
[    0.005615] ACPI: INT_SRC_OVR (bus 0 bus_irq 10 global_irq 10 high level)
[    0.005617] ACPI: INT_SRC_OVR (bus 0 bus_irq 11 global_irq 11 high level)
[    0.005623] ACPI: Using ACPI (MADT) for SMP configuration information
[    0.005637] ACPI: HPET id: 0x8086a201 base: 0xfed00000
[    0.005641] TSC deadline timer available
[    0.005650] CPU topo: Max. logical packages:   1
[    0.005651] CPU topo: Max. logical dies:       1
[    0.005652] CPU topo: Max. dies per package:   1
[    0.005660] CPU topo: Max. threads per core:   1
[    0.005661] CPU topo: Num. cores per package:     2
[    0.005662] CPU topo: Num. threads per package:   2
[    0.005663] CPU topo: Allowing 2 present CPUs plus 0 hotplug CPUs
[    0.005681] kvm-guest: APIC: eoi() replaced with kvm_guest_apic_eoi_write()
[    0.005693] kvm-guest: KVM setup pv remote TLB flush
[    0.005699] kvm-guest: setup PV sched yield
[    0.005703] [mem 0x20000000-0xfeffbfff] available for PCI devices
[    0.005704] Booting paravirtualized kernel on KVM
[    0.005706] clocksource: refined-jiffies: mask: 0xffffffff max_cycles: 0xffffffff, max_idle_ns: 1910969940391419 ns
[    0.007456] setup_percpu: NR_CPUS:64 nr_cpumask_bits:2 nr_cpu_ids:2 nr_node_ids:1
[    0.008323] percpu: Embedded 47 pages/cpu s151640 r8192 d32680 u1048576
[    0.008371] Kernel command line: rw nokaslr loglevel=7 sched_verbose isolcpus=nohz,managed_irq,1 irqaffinity=0 rcu_nocbs=1 nohz_full=1 init=/init panic=-1 console=ttyS0 tsc=nowatchdog -- driver=vruntime_overflow
[    0.008447] Unknown kernel command line parameters "isolcpus=nohz,managed_irq,1 rcu_nocbs=1 nohz_full=1", will be passed to user space.
[    0.008458] random: crng init done
[    0.008459] printk: log buffer data + meta data: 131072 + 458752 = 589824 bytes
[    0.008537] Dentry cache hash table entries: 65536 (order: 7, 524288 bytes, linear)
[    0.008575] Inode-cache hash table entries: 32768 (order: 6, 262144 bytes, linear)
[    0.008640] Fallback order for Node 0: 0 
[    0.008643] Built 1 zonelists, mobility grouping on.  Total pages: 130942
[    0.008644] Policy zone: DMA32
[    0.008646] mem auto-init: stack:all(zero), heap alloc:off, heap free:off
[    0.009623] SLUB: HWalign=64, Order=0-3, MinObjects=0, CPUs=2, Nodes=1
[    0.012822] ftrace: allocating 13391 entries in 53 pages
[    0.012824] ftrace: allocated 53 pages with 4 groups
[    0.013585] rcu: Hierarchical RCU implementation.
[    0.013586] rcu: 	RCU restricting CPUs from NR_CPUS=64 to nr_cpu_ids=2.
[    0.013588] 	Rude variant of Tasks RCU enabled.
[    0.013588] 	Tracing variant of Tasks RCU enabled.
[    0.013589] rcu: RCU calculated value of scheduler-enlistment delay is 100 jiffies.
[    0.013590] rcu: Adjusting geometry for rcu_fanout_leaf=16, nr_cpu_ids=2
[    0.013597] RCU Tasks Rude: Setting shift to 1 and lim to 1 rcu_task_cb_adjust=1 rcu_task_cpu_ids=2.
[    0.013599] RCU Tasks Trace: Setting shift to 1 and lim to 1 rcu_task_cb_adjust=1 rcu_task_cpu_ids=2.
[    0.014479] NR_IRQS: 4352, nr_irqs: 56, preallocated irqs: 16
[    0.014695] rcu: srcu_init: Setting srcu_struct sizes based on contention.
[    0.014843] printk: legacy console [ttyS0] enabled
[    0.292893] ACPI: Core revision 20240827
[    0.294860] clocksource: hpet: mask: 0xffffffff max_cycles: 0xffffffff, max_idle_ns: 19112604467 ns
[    0.298819] APIC: Switch to symmetric I/O mode setup
[    0.301037] kvm-guest: APIC: send_IPI_mask() replaced with kvm_send_ipi_mask()
[    0.304052] kvm-guest: APIC: send_IPI_mask_allbutself() replaced with kvm_send_ipi_mask_allbutself()
[    0.307878] kvm-guest: setup PV IPIs
[    0.311122] ..TIMER: vector=0x30 apic1=0 pin1=2 apic2=-1 pin2=-1
[    0.313727] clocksource: tsc-early: mask: 0xffffffffffffffff max_cycles: 0x1fb63109b96, max_idle_ns: 440795265316 ns
[    0.318259] Calibrating delay loop (skipped) preset value.. 4399.99 BogoMIPS (lpj=2199998)
[    0.320392] Last level iTLB entries: 4KB 0, 2MB 0, 4MB 0
[    0.321260] Last level dTLB entries: 4KB 0, 2MB 0, 4MB 0, 1GB 0
[    0.322270] Spectre V2 : User space: Vulnerable
[    0.323261] Speculative Store Bypass: Vulnerable
[    0.324300] x86/fpu: Supporting XSAVE feature 0x001: 'x87 floating point registers'
[    0.325261] x86/fpu: Supporting XSAVE feature 0x002: 'SSE registers'
[    0.326260] x86/fpu: Supporting XSAVE feature 0x004: 'AVX registers'
[    0.327261] x86/fpu: Supporting XSAVE feature 0x008: 'MPX bounds registers'
[    0.328261] x86/fpu: Supporting XSAVE feature 0x010: 'MPX CSR'
[    0.329260] x86/fpu: Supporting XSAVE feature 0x020: 'AVX-512 opmask'
[    0.330261] x86/fpu: Supporting XSAVE feature 0x040: 'AVX-512 Hi256'
[    0.331262] x86/fpu: Supporting XSAVE feature 0x080: 'AVX-512 ZMM_Hi256'
[    0.332263] x86/fpu: xstate_offset[2]:  576, xstate_sizes[2]:  256
[    0.333262] x86/fpu: xstate_offset[3]:  832, xstate_sizes[3]:   64
[    0.334262] x86/fpu: xstate_offset[4]:  896, xstate_sizes[4]:   64
[    0.335262] x86/fpu: xstate_offset[5]:  960, xstate_sizes[5]:   64
[    0.336260] x86/fpu: xstate_offset[6]: 1024, xstate_sizes[6]:  512
[    0.337260] x86/fpu: xstate_offset[7]: 1536, xstate_sizes[7]: 1024
[    0.338260] x86/fpu: Enabled xstate features 0xff, context size is 2560 bytes, using 'compacted' format.
[    0.340625] Freeing SMP alternatives memory: 12K
[    0.341262] pid_max: default: 32768 minimum: 301
[    0.342285] Mount-cache hash table entries: 1024 (order: 1, 8192 bytes, linear)
[    0.343263] Mountpoint-cache hash table entries: 1024 (order: 1, 8192 bytes, linear)
[    0.345413] smpboot: CPU0: Intel(R) Xeon(R) Silver 4114 CPU @ 2.20GHz (family: 0x6, model: 0x55, stepping: 0x4)
[    0.346596] Performance Events: Skylake events, full-width counters, Intel PMU driver.
[    0.347267] ... version:                2
[    0.348263] ... bit width:              48
[    0.349263] ... generic registers:      4
[    0.350263] ... value mask:             0000ffffffffffff
[    0.351263] ... max period:             00007fffffffffff
[    0.352263] ... fixed-purpose events:   3
[    0.353263] ... event mask:             000000070000000f
[    0.354443] signal: max sigframe size: 3216
[    0.355322] rcu: Hierarchical SRCU implementation.
[    0.356264] rcu: 	Max phase no-delay instances is 400.
[    0.357523] smp: Bringing up secondary CPUs ...
[    0.358463] smpboot: x86: Booting SMP configuration:
[    0.359267] .... node  #0, CPUs:      #1
[    0.360060] smp: Brought up 1 node, 2 CPUs
[    0.361268] smpboot: Total of 2 processors activated (8799.99 BogoMIPS)
[    0.362314] root domain span: 0-1
[    0.363283] Memory: 488920K/523768K available (5071K kernel code, 992K rwdata, 1296K rodata, 940K init, 760K bss, 32608K reserved, 0K cma-reserved)
[    0.364544] devtmpfs: initialized
[    0.365784] clocksource: jiffies: mask: 0xffffffff max_cycles: 0xffffffff, max_idle_ns: 1911260446275000 ns
[    0.366378] thermal_sys: Registered thermal governor 'step_wise'
[    0.366444] cpuidle: using governor ladder
[    0.368331] kprobes: kprobe jump-optimization is enabled. All kprobes are optimized if possible.
[    0.400387] ACPI: Added _OSI(Module Device)
[    0.401266] ACPI: Added _OSI(Processor Device)
[    0.402267] ACPI: Added _OSI(3.0 _SCP Extensions)
[    0.403268] ACPI: Added _OSI(Processor Aggregator Device)
[    0.404272] ACPI Error: AE_BAD_PARAMETER, During Region initialization (20240827/tbxfload-52)
[    0.405263] ACPI: Unable to load the System Description Tables
[    0.406264] ACPI Error: Could not remove SCI handler (20240827/evmisc-251)
[    0.407422] clocksource: Switched to clocksource kvm-clock
[    0.409631] pnp: PnP ACPI: disabled
[    0.411643] clocksource: tsc: mask: 0xffffffffffffffff max_cycles: 0x1fb63109b96, max_idle_ns: 440795265316 ns
[    0.411685] Unpacking initramfs...
[    0.415776] platform rtc_cmos: registered platform RTC device (no PNP device found)
[    0.415968] workingset: timestamp_bits=56 max_order=17 bucket_order=0
[    0.428651] Serial: 8250/16550 driver, 4 ports, IRQ sharing disabled
[    0.431635] serial8250: ttyS0 at I/O 0x3f8 (irq = 4, base_baud = 115200) is a 16550A
[    0.435219] serial8250: ttyS1 at I/O 0x2f8 (irq = 3, base_baud = 115200) is a 16550A
[    0.438815] serial8250: ttyS2 at I/O 0x3e8 (irq = 4, base_baud = 115200) is a 16550A
[    0.439414] Freeing initrd memory: 10288K
[    0.447530] IPI shorthand broadcast: enabled
[    0.453975] sched_clock: Marking stable (156007904, 297555329)->(543881931, -90318698)
[    0.464316] Freeing unused kernel image (initmem) memory: 940K
[    0.466173] Write protecting the kernel read-only data: 8192k
[    0.468666] Freeing unused kernel image (text/rodata gap) memory: 1072K
[    0.471098] Freeing unused kernel image (rodata/data gap) memory: 752K
[    0.473176] Run /init as init process
Loading kmod.ko with params: driver=vruntime_overflow isolcpus=nohz,managed_irq,1 rcu_nocbs=1 nohz_full=1 
[    0.498123] kmod: loading out-of-tree module taints kernel.
[    0.501952] kmod: unknown parameter 'isolcpus' ignored
[    0.503578] kmod: unknown parameter 'rcu_nocbs' ignored
[    0.505202] kmod: unknown parameter 'nohz_full' ignored
[    0.507672] [92mStarting vruntime_overflow on Linux 6.15.0-rc3-vruntime_overflow_fixed[0m
[    0.518852] [92mDisabled workqueue on CPU 1[0m
[    0.520435] [92mMoved kthreads to CPU 0[0m
[    0.521819] [92mWriting /sys/fs/cgroup//cgroup.subtree_control: +cpu +cpuset[0m
[    0.538030] [92mTraced init_tg_cfs_entry with on_sched_group_alloc[0m
[    0.540194] [92mSet min vruntime to 10000000000 ns on cpu 0[0m
[    0.542087] [92mSet min vruntime to 10000000000 ns on cpu 1[0m
[    0.543996] [92mCreated directory /sys/fs/cgroup/g0[0m
[    0.545674] [92mWriting /sys/fs/cgroup/g0/cgroup.subtree_control: +cpu +cpuset[0m
[    0.548064] [92mWriting /sys/fs/cgroup/g0/cpuset.cpus: 1-1[0m
[    0.550984] [92mSet min vruntime to 10000000000 ns on cpu 0[0m
[    0.552880] [92mSet min vruntime to 10000000000 ns on cpu 1[0m
[    0.554775] [92mCreated directory /sys/fs/cgroup/g0/g1[0m
[    0.556520] [92mWriting /sys/fs/cgroup/g0/g1/cgroup.subtree_control: +cpu +cpuset[0m
[    0.558977] [92mWriting /sys/fs/cgroup/g0/g1/cpuset.cpus: 1-1[0m
[    0.561967] [92mSet min vruntime to 10000000000 ns on cpu 0[0m
[    0.563856] [92mSet min vruntime to 10000000000 ns on cpu 1[0m
[    0.565753] [92mCreated directory /sys/fs/cgroup/g0/g2[0m
[    0.567495] [92mWriting /sys/fs/cgroup/g0/g2/cgroup.subtree_control: +cpu +cpuset[0m
[    0.569971] [92mWriting /sys/fs/cgroup/g0/g2/cpuset.cpus: 1-1[0m
[    0.572927] [92mWriting /sys/fs/cgroup/g0/g2/cpu.weight: 15[0m
[    0.575831] [92mWriting /sys/fs/cgroup/g0/g1/cpu.weight: 15[0m
[    0.578771] [92mTask created with pid 41[0m
[    0.581498] [92mTask 41 is ready[0m
[    0.582659] [92mPinned task 41 to CPUs 1-1[0m
[    0.585112] [92mTask created with pid 42[0m
[    0.587603] [92mTask 42 is ready[0m
[    0.588791] [92mPinned task 42 to CPUs 1-1[0m
[    0.591256] [92mTask created with pid 43[0m
[    0.593937] [92mTask 43 is ready[0m
[    0.595116] [92mPinned task 43 to CPUs 1-1[0m
[    0.597563] [92mWriting /sys/fs/cgroup/g0/g2/cgroup.procs: 41[0m
[    0.600539] [92mWriting /sys/fs/cgroup/g0/g1/cgroup.procs: 43[0m
[    0.603520] Topology levels:
[    0.604456] - SMT  |    0 |    1 | SHARE_CPUCAPACITY, SHARE_LLC
[    0.606292] - CLS  |    0 |    1 | CLUSTER, SHARE_LLC
[    0.607882] - MC   |  0-1 |  0-1 | SHARE_LLC
[    0.609227] - PKG  |  0-1 |  0-1 | 
[    0.610343] - NODE |  0-1 |  0-1 | 
[    0.611454] Sched domains:
[    0.612334] - MC[0]: mask=0-1, groups={0: 1024, 1: 1024}, flags=BALANCE_NEWIDLE, BALANCE_EXEC, BALANCE_FORK, WAKE_AFFINE, SHARE_LLC, PREFER_SIBLING
[    0.616333] - MC[1]: mask=0-1, groups={1: 1024, 0: 1024}, flags=BALANCE_NEWIDLE, BALANCE_EXEC, BALANCE_FORK, WAKE_AFFINE, SHARE_LLC, PREFER_SIBLING
[    0.620329] [92mDisabled timer ticks on CPU 1[0m
[    0.621833] [92mDisabled jiffies update[0m
[   10.000000] [92mMocked sched clock[0m
[   10.000000] [92mReset runqueues state[0m
[   10.000000] [92mReset cpumask[0m
[   10.000000] [92mReset tasks state[0m
[   10.000000] [92mRunning driver vruntime_overflow[0m
[   10.000000] [92mWaked up task 41[0m
[   10.000000] [92mWaked up task 43[0m
[   10.000000] [92mWaked up task 42[0m
[   10.017000] [92mWriting /sys/fs/cgroup//cgroup.procs: 41[0m
[   10.017000] [92mWriting /sys/fs/cgroup//cgroup.procs: 43[0m
[   10.017000] [92mWriting /sys/fs/cgroup/g0/cpu.weight: 105[0m
[   10.017000] [92mRemoved directory /sys/fs/cgroup/g0/g2[0m
[   10.017000] [92mWriting /sys/fs/cgroup/g0/cpu.weight: 106[0m
[   10.017000] [92mWriting /sys/fs/cgroup/g0/g1/cgroup.procs: 42[0m
[   10.037000] [92mExiting driver vruntime_overflow on Linux 6.15.0-rc3-vruntime_overflow_fixed[0m
[   10.037000] reboot: Restarting system
[   10.037000] reboot: machine restart
