c[?7l[2J[0mSeaBIOS (version 1.16.3-debian-1.16.3-2)
Booting from ROM..c[?7l[2J[    0.000000] Linux version 7.0.0-rc7-master (Tingjia@node0.sched.advosuwmadison-pg0.wisc.cloudlab.us) (gcc (Ubuntu 13.3.0-6ubuntu2~24.04.1) 13.3.0, GNU ld (GNU Binutils for Ubuntu) 2.42) #1 SMP PREEMPT 1970-01-01
[    0.000000] Command line: rw nokaslr loglevel=7 sched_verbose isolcpus=nohz,managed_irq,1-4 irqaffinity=0 rcu_nocbs=1-4 nohz_full=1-4 init=/init panic=-1 console=ttyS0 tsc=nowatchdog -- driver=executor topology=CLS:0/1-2/1-2/3-4/3-4
[    0.000000] BIOS-provided physical RAM map:
[    0.000000] BIOS-e820: [mem 0x0000000000000000-0x000000000009fbff]  System RAM
[    0.000000] BIOS-e820: [mem 0x000000000009fc00-0x000000000009ffff]  device reserved
[    0.000000] BIOS-e820: [gap 0x00000000000a0000-0x00000000000effff]
[    0.000000] BIOS-e820: [mem 0x00000000000f0000-0x00000000000fffff]  device reserved
[    0.000000] BIOS-e820: [mem 0x0000000000100000-0x000000001ffdffff]  System RAM
[    0.000000] BIOS-e820: [mem 0x000000001ffe0000-0x000000001fffffff]  device reserved
[    0.000000] BIOS-e820: [gap 0x0000000020000000-0x00000000feffbfff]
[    0.000000] BIOS-e820: [mem 0x00000000feffc000-0x00000000feffffff]  device reserved
[    0.000000] BIOS-e820: [gap 0x00000000ff000000-0x00000000fffbffff]
[    0.000000] BIOS-e820: [mem 0x00000000fffc0000-0x00000000ffffffff]  device reserved
[    0.000000] NX (Execute Disable) protection: active
[    0.000000] APIC: Static calls initialized
[    0.000000] Hypervisor detected: KVM
[    0.000000] last_pfn = 0x1ffe0 max_arch_pfn = 0x400000000
[    0.000000] kvm-clock: Using msrs 4b564d01 and 4b564d00
[    0.000001] kvm-clock: using sched offset of 100870467 cycles
[    0.000002] clocksource: kvm-clock: mask: 0xffffffffffffffff max_cycles: 0x1cd42e4dffb, max_idle_ns: 881590591483 ns
[    0.000005] tsc: Detected 2199.998 MHz processor
[    0.000927] last_pfn = 0x1ffe0 max_arch_pfn = 0x400000000
[    0.000928] x86/PAT: PAT support disabled because CONFIG_X86_PAT is disabled in the kernel.
[    0.000931] x86/PAT: Configuration [0-7]: WB  WT  UC- UC  WB  WT  UC- UC  
[    0.000939] Using GB pages for direct mapping
[    0.001168] RAMDISK: [mem 0x1f488000-0x1ffdffff]
[    0.001170] ACPI: Early table checksum verification disabled
[    0.001173] ACPI: RSDP 0x00000000000F5290 000014 (v00 BOCHS )
[    0.001183] ACPI: RSDT 0x000000001FFE1E38 000034 (v01 BOCHS  BXPC     00000001 BXPC 00000001)
[    0.001189] ACPI: FACP 0x000000001FFE1CCC 000074 (v01 BOCHS  BXPC     00000001 BXPC 00000001)
[    0.001196] ACPI: DSDT 0x000000001FFE0040 001C8C (v01 BOCHS  BXPC     00000001 BXPC 00000001)
[    0.001201] ACPI: FACS 0x000000001FFE0000 000040
[    0.001206] ACPI: APIC 0x000000001FFE1D40 000098 (v03 BOCHS  BXPC     00000001 BXPC 00000001)
[    0.001211] ACPI: HPET 0x000000001FFE1DD8 000038 (v01 BOCHS  BXPC     00000001 BXPC 00000001)
[    0.001215] ACPI: WAET 0x000000001FFE1E10 000028 (v01 BOCHS  BXPC     00000001 BXPC 00000001)
[    0.001219] ACPI: Reserving FACP table memory at [mem 0x1ffe1ccc-0x1ffe1d3f]
[    0.001221] ACPI: Reserving DSDT table memory at [mem 0x1ffe0040-0x1ffe1ccb]
[    0.001222] ACPI: Reserving FACS table memory at [mem 0x1ffe0000-0x1ffe003f]
[    0.001224] ACPI: Reserving APIC table memory at [mem 0x1ffe1d40-0x1ffe1dd7]
[    0.001225] ACPI: Reserving HPET table memory at [mem 0x1ffe1dd8-0x1ffe1e0f]
[    0.001226] ACPI: Reserving WAET table memory at [mem 0x1ffe1e10-0x1ffe1e37]
[    0.001247] No NUMA configuration found
[    0.001249] Faking a node at [mem 0x0000000000000000-0x000000001ffdffff]
[    0.001254] NODE_DATA(0) allocated [mem 0x1f485640-0x1f487fff]
[    0.001273] ACPI: LAPIC_NMI (acpi_id[0xff] dfl dfl lint[0x1])
[    0.001328] IOAPIC[0]: apic_id 0, version 17, address 0xfec00000, GSI 0-23
[    0.001333] ACPI: INT_SRC_OVR (bus 0 bus_irq 0 global_irq 2 dfl dfl)
[    0.001335] ACPI: INT_SRC_OVR (bus 0 bus_irq 5 global_irq 5 high level)
[    0.001337] ACPI: INT_SRC_OVR (bus 0 bus_irq 9 global_irq 9 high level)
[    0.001338] ACPI: INT_SRC_OVR (bus 0 bus_irq 10 global_irq 10 high level)
[    0.001340] ACPI: INT_SRC_OVR (bus 0 bus_irq 11 global_irq 11 high level)
[    0.001346] ACPI: Using ACPI (MADT) for SMP configuration information
[    0.001348] ACPI: HPET id: 0x8086a201 base: 0xfed00000
[    0.001351] TSC deadline timer available
[    0.001356] CPU topo: Max. logical packages:   1
[    0.001357] CPU topo: Max. logical nodes:      1
[    0.001357] CPU topo: Num. nodes per package:  1
[    0.001362] CPU topo: Max. logical dies:       1
[    0.001363] CPU topo: Max. dies per package:   1
[    0.001372] CPU topo: Max. threads per core:   1
[    0.001373] CPU topo: Num. cores per package:     5
[    0.001374] CPU topo: Num. threads per package:   5
[    0.001375] CPU topo: Allowing 5 present CPUs plus 0 hotplug CPUs
[    0.001391] kvm-guest: APIC: eoi() replaced with kvm_guest_apic_eoi_write()
[    0.001401] kvm-guest: KVM setup pv remote TLB flush
[    0.001406] kvm-guest: setup PV sched yield
[    0.001409] [gap 0x20000000-0xfeffbfff] available for PCI devices
[    0.001411] Booting paravirtualized kernel on KVM
[    0.001412] clocksource: refined-jiffies: mask: 0xffffffff max_cycles: 0xffffffff, max_idle_ns: 1910969940391419 ns
[    0.003218] Zone ranges:
[    0.003219]   DMA32    [mem 0x0000000000001000-0x000000001ffdffff]
[    0.003221]   Normal   empty
[    0.003223] Movable zone start for each node
[    0.003223] Early memory node ranges
[    0.003224]   node   0: [mem 0x0000000000001000-0x000000000009efff]
[    0.003226]   node   0: [mem 0x0000000000100000-0x000000001ffdffff]
[    0.003228] Initmem setup node 0 [mem 0x0000000000001000-0x000000001ffdffff]
[    0.003746] On node 0, zone DMA32: 1 pages in unavailable ranges
[    0.007206] On node 0, zone DMA32: 97 pages in unavailable ranges
[    0.007209] On node 0, zone DMA32: 32 pages in unavailable ranges
[    0.007213] setup_percpu: NR_CPUS:64 nr_cpumask_bits:5 nr_cpu_ids:5 nr_node_ids:1
[    0.009427] percpu: Embedded 47 pages/cpu s154584 r8192 d29736 u1048576
[    0.009481] Kernel command line: rw nokaslr loglevel=7 sched_verbose isolcpus=nohz,managed_irq,1-4 irqaffinity=0 rcu_nocbs=1-4 nohz_full=1-4 init=/init panic=-1 console=ttyS0 tsc=nowatchdog -- driver=executor topology=CLS:0/1-2/1-2/3-4/3-4
[    0.009524] Housekeeping: nohz unsupported. Build with CONFIG_NO_HZ_FULL
[    0.009549] Housekeeping: nohz unsupported. Build with CONFIG_NO_HZ_FULL
[    0.009564] Unknown kernel command line parameters "isolcpus=nohz,managed_irq,1-4 rcu_nocbs=1-4 nohz_full=1-4", will be passed to user space.
[    0.009575] random: crng init done
[    0.009576] printk: log buffer data + meta data: 131072 + 458752 = 589824 bytes
[    0.009621] Dentry cache hash table entries: 65536 (order: 7, 524288 bytes, linear)
[    0.009655] Inode-cache hash table entries: 32768 (order: 6, 262144 bytes, linear)
[    0.009749] Fallback order for Node 0: 0 
[    0.009752] Built 1 zonelists, mobility grouping on.  Total pages: 130942
[    0.009754] Policy zone: DMA32
[    0.009755] mem auto-init: stack:all(zero), heap alloc:off, heap free:off
[    0.010646] SLUB: HWalign=64, Order=0-3, MinObjects=0, CPUs=5, Nodes=1
[    0.013705] ftrace: allocating 13835 entries in 55 pages
[    0.013707] ftrace: allocated 55 pages with 5 groups
[    0.014353] rcu: Hierarchical RCU implementation.
[    0.014354] rcu: 	RCU restricting CPUs from NR_CPUS=64 to nr_cpu_ids=5.
[    0.014356] 	Trampoline variant of Tasks RCU enabled.
[    0.014356] 	Rude variant of Tasks RCU enabled.
[    0.014357] 	Tracing variant of Tasks RCU enabled.
[    0.014358] rcu: RCU calculated value of scheduler-enlistment delay is 100 jiffies.
[    0.014359] rcu: Adjusting geometry for rcu_fanout_leaf=16, nr_cpu_ids=5
[    0.014370] RCU Tasks: Setting shift to 3 and lim to 1 rcu_task_cb_adjust=1 rcu_task_cpu_ids=5.
[    0.014372] RCU Tasks Rude: Setting shift to 3 and lim to 1 rcu_task_cb_adjust=1 rcu_task_cpu_ids=5.
[    0.015252] NR_IRQS: 4352, nr_irqs: 80, preallocated irqs: 16
[    0.015458] rcu: srcu_init: Setting srcu_struct sizes based on contention.
[    0.015601] printk: legacy console [ttyS0] enabled
[    0.267909] ACPI: Core revision 20251212
[    0.269592] clocksource: hpet: mask: 0xffffffff max_cycles: 0xffffffff, max_idle_ns: 19112604467 ns
[    0.272998] APIC: Switch to symmetric I/O mode setup
[    0.274862] kvm-guest: APIC: send_IPI_mask() replaced with kvm_send_ipi_mask()
[    0.277503] kvm-guest: APIC: send_IPI_mask_allbutself() replaced with kvm_send_ipi_mask_allbutself()
[    0.280790] kvm-guest: setup PV IPIs
[    0.283835] ..TIMER: vector=0x30 apic1=0 pin1=2 apic2=-1 pin2=-1
[    0.286174] clocksource: tsc-early: mask: 0xffffffffffffffff max_cycles: 0x1fb63109b96, max_idle_ns: 440795265316 ns
[    0.290174] Calibrating delay loop (skipped) preset value.. 4399.99 BogoMIPS (lpj=2199998)
[    0.291390] Last level iTLB entries: 4KB 0, 2MB 0, 4MB 0
[    0.292176] Last level dTLB entries: 4KB 0, 2MB 0, 4MB 0, 1GB 0
[    0.293183] mitigations: Enabled attack vectors: SMT mitigations: off
[    0.294176] Speculative Store Bypass: Vulnerable
[    0.295176] Spectre V2 : Vulnerable
[    0.296176] RETBleed: Vulnerable
[    0.297176] ITS: Vulnerable
[    0.298176] MDS: Vulnerable
[    0.299176] TAA: Vulnerable
[    0.300176] MMIO Stale Data: Vulnerable
[    0.301176] Spectre V1 : Vulnerable: __user pointer sanitization and usercopy barriers only; no swapgs barriers
[    0.302215] x86/fpu: Supporting XSAVE feature 0x001: 'x87 floating point registers'
[    0.303176] x86/fpu: Supporting XSAVE feature 0x002: 'SSE registers'
[    0.304176] x86/fpu: Supporting XSAVE feature 0x004: 'AVX registers'
[    0.305176] x86/fpu: Supporting XSAVE feature 0x008: 'MPX bounds registers'
[    0.306176] x86/fpu: Supporting XSAVE feature 0x010: 'MPX CSR'
[    0.307176] x86/fpu: Supporting XSAVE feature 0x020: 'AVX-512 opmask'
[    0.308176] x86/fpu: Supporting XSAVE feature 0x040: 'AVX-512 Hi256'
[    0.309176] x86/fpu: Supporting XSAVE feature 0x080: 'AVX-512 ZMM_Hi256'
[    0.310176] x86/fpu: xstate_offset[2]:  576, xstate_sizes[2]:  256
[    0.311176] x86/fpu: xstate_offset[3]:  832, xstate_sizes[3]:   64
[    0.312176] x86/fpu: xstate_offset[4]:  896, xstate_sizes[4]:   64
[    0.313176] x86/fpu: xstate_offset[5]:  960, xstate_sizes[5]:   64
[    0.314176] x86/fpu: xstate_offset[6]: 1024, xstate_sizes[6]:  512
[    0.315176] x86/fpu: xstate_offset[7]: 1536, xstate_sizes[7]: 1024
[    0.316176] x86/fpu: Enabled xstate features 0xff, context size is 2560 bytes, using 'compacted' format.
[    0.318419] Freeing SMP alternatives memory: 16K
[    0.319177] pid_max: default: 32768 minimum: 301
[    0.321217] Mount-cache hash table entries: 1024 (order: 1, 8192 bytes, linear)
[    0.322177] Mountpoint-cache hash table entries: 1024 (order: 1, 8192 bytes, linear)
[    0.323226] VFS: Finished mounting rootfs on nullfs
[    0.324402] smpboot: CPU0: Intel(R) Xeon(R) Silver 4114 CPU @ 2.20GHz (family: 0x6, model: 0x55, stepping: 0x4)
[    0.325505] Performance Events: Skylake events, full-width counters, Intel PMU driver.
[    0.326193] ... version:                   2
[    0.327179] ... bit width:                 48
[    0.328178] ... generic counters:          4
[    0.329179] ... generic bitmap:            000000000000000f
[    0.330179] ... fixed-purpose counters:    3
[    0.331179] ... fixed-purpose bitmap:      0000000000000007
[    0.332179] ... value mask:                0000ffffffffffff
[    0.333179] ... max period:                00007fffffffffff
[    0.334179] ... global_ctrl mask:          000000070000000f
[    0.335341] signal: max sigframe size: 3216
[    0.336235] rcu: Hierarchical SRCU implementation.
[    0.337185] rcu: 	Max phase no-delay instances is 400.
[    0.338484] smp: Bringing up secondary CPUs ...
[    0.339378] smpboot: x86: Booting SMP configuration:
[    0.340193] .... node  #0, CPUs:      #1 #2 #3 #4
[    0.345161] smp: Brought up 1 node, 5 CPUs
[    0.346183] smpboot: Total of 5 processors activated (21999.98 BogoMIPS)
[    0.347313] root domain span: 0-4
[    0.348207] Memory: 486380K/523768K available (5264K kernel code, 1001K rwdata, 1340K rodata, 972K init, 284K bss, 34176K reserved, 0K cma-reserved)
[    0.350244] devtmpfs: initialized
[    0.351697] clocksource: jiffies: mask: 0xffffffff max_cycles: 0xffffffff, max_idle_ns: 1911260446275000 ns
[    0.352305] thermal_sys: Registered thermal governor 'step_wise'
[    0.352324] cpuidle: using governor ladder
[    0.354246] kprobes: kprobe jump-optimization is enabled. All kprobes are optimized if possible.
[    0.355938] ACPI: Added _OSI(Module Device)
[    0.356181] ACPI: Added _OSI(Processor Device)
[    0.357179] ACPI: Added _OSI(Processor Aggregator Device)
[    0.358185] ACPI Error: AE_BAD_PARAMETER, During Region initialization (20251212/tbxfload-52)
[    0.359179] ACPI: Unable to load the System Description Tables
[    0.360179] ACPI Error: Could not remove SCI handler (20251212/evmisc-251)
[    0.373379] clocksource: Switched to clocksource kvm-clock
[    0.376078] pnp: PnP ACPI: disabled
[    0.378426] clocksource: tsc: mask: 0xffffffffffffffff max_cycles: 0x1fb63109b96, max_idle_ns: 440795265316 ns
[    0.378449] Unpacking initramfs...
[    0.383312] platform rtc_cmos: registered platform RTC device (no PNP device found)
[    0.388396] workingset: timestamp_bits=56 max_order=17 bucket_order=0
[    0.392834] Serial: 8250/16550 driver, 4 ports, IRQ sharing disabled
[    0.393834] Freeing initrd memory: 11616K
[    0.396962] serial8250: ttyS0 at I/O 0x3f8 (irq = 4, base_baud = 115200) is a 16550A
[    0.400198] serial8250: ttyS1 at I/O 0x2f8 (irq = 3, base_baud = 115200) is a 16550A
[    0.403404] serial8250: ttyS2 at I/O 0x3e8 (irq = 4, base_baud = 115200) is a 16550A
[    0.406623] serial8250: ttyS3 at I/O 0x2e8 (irq = 3, base_baud = 115200) is a 16550A
[    0.410322] IPI shorthand broadcast: enabled
[    0.412498] sched_clock: Marking stable (143203200, 268708045)->(492008748, -80097503)
[    0.417359] Freeing unused kernel image (initmem) memory: 972K
[    0.418942] Write protecting the kernel read-only data: 8192k
[    0.421088] Freeing unused kernel image (text/rodata gap) memory: 876K
[    0.423140] Freeing unused kernel image (rodata/data gap) memory: 708K
[    0.424873] Run /init as init process
Loading kmod.ko with params: driver=executor topology=CLS:0/1-2/1-2/3-4/3-4 isolcpus=nohz,managed_irq,1-4 rcu_nocbs=1-4 nohz_full=1-4 
[    0.452162] kmod: loading out-of-tree module taints kernel.
[    0.456039] kmod: unknown parameter 'isolcpus' ignored
[    0.457417] kmod: unknown parameter 'rcu_nocbs' ignored
[    0.458810] kmod: unknown parameter 'nohz_full' ignored
[    0.461180] [92mStarting executor on Linux 7.0.0-rc7-master[0m
[    0.473220] [92mDisabled workqueue on CPU 1[0m
[    0.474609] [92mDisabled workqueue on CPU 2[0m
[    0.475997] [92mDisabled workqueue on CPU 3[0m
[    0.477365] [92mDisabled workqueue on CPU 4[0m
[    0.478899] [92mMoved kthreads to CPU 0[0m
[    0.480234] [92mWriting /sys/fs/cgroup//cgroup.subtree_control: +cpu +cpuset[0m
[    0.494869] [92mTraced init_tg_cfs_entry with on_sched_group_alloc[0m
[    0.497217] [92mexecutor: applying topology CLS (5 cpulists)
[    0.497217] [0m
[    0.499353] root domain span: 0-4
[    0.500401] executor: custom frequency disabled
[    0.502372] Topology levels:
[    0.503193] - CLS  |    0 |  1-2 |  1-2 |  3-4 |  3-4 | CLUSTER, SHARE_LLC
[    0.505027] - MC   |    0 |  1-4 |  1-4 |  1-4 |  1-4 | SHARE_LLC
[    0.506661] - PKG  |    0 |  1-4 |  1-4 |  1-4 |  1-4 | 
[    0.508097] - NODE |    0 |  1-4 |  1-4 |  1-4 |  1-4 | 
[    0.509515] Sched domains:
[    0.510268] - CLS[1]: mask=1-2, groups={1: 1024, 2: 1024}, flags=BALANCE_NEWIDLE, BALANCE_EXEC, BALANCE_FORK, WAKE_AFFINE, CLUSTER, SHARE_LLC, PREFER_SIBLING
[    0.513931] - CLS[2]: mask=1-2, groups={2: 1024, 1: 1024}, flags=BALANCE_NEWIDLE, BALANCE_EXEC, BALANCE_FORK, WAKE_AFFINE, CLUSTER, SHARE_LLC, PREFER_SIBLING
[    0.517581] - CLS[3]: mask=3-4, groups={3: 1024, 4: 1024}, flags=BALANCE_NEWIDLE, BALANCE_EXEC, BALANCE_FORK, WAKE_AFFINE, CLUSTER, SHARE_LLC, PREFER_SIBLING
[    0.521251] - CLS[4]: mask=3-4, groups={4: 1024, 3: 1024}, flags=BALANCE_NEWIDLE, BALANCE_EXEC, BALANCE_FORK, WAKE_AFFINE, CLUSTER, SHARE_LLC, PREFER_SIBLING
[    0.524909] - MC[1]: mask=1-4, groups={1-2: 2048, 3-4: 2048}, flags=BALANCE_NEWIDLE, BALANCE_EXEC, BALANCE_FORK, WAKE_AFFINE, SHARE_LLC, PREFER_SIBLING
[    0.528420] - MC[2]: mask=1-4, groups={1-2: 2048, 3-4: 2048}, flags=BALANCE_NEWIDLE, BALANCE_EXEC, BALANCE_FORK, WAKE_AFFINE, SHARE_LLC, PREFER_SIBLING
[    0.531935] - MC[3]: mask=1-4, groups={3-4: 2048, 1-2: 2048}, flags=BALANCE_NEWIDLE, BALANCE_EXEC, BALANCE_FORK, WAKE_AFFINE, SHARE_LLC, PREFER_SIBLING
[    0.535441] - MC[4]: mask=1-4, groups={3-4: 2048, 1-2: 2048}, flags=BALANCE_NEWIDLE, BALANCE_EXEC, BALANCE_FORK, WAKE_AFFINE, SHARE_LLC, PREFER_SIBLING
[    0.538957] [92mDisabled timer ticks on CPU 1[0m
[    0.540238] [92mDisabled timer ticks on CPU 2[0m
[    0.541522] [92mDisabled timer ticks on CPU 3[0m
[    0.542814] [92mDisabled timer ticks on CPU 4[0m
[    0.544122] [92mDisabled jiffies update[0m
[   10.000000] [92mMocked sched clock[0m
[   10.000000] [92mDisabled sched feature NI_RANDOM[0m
[   10.000000] [92mReset runqueues state[0m
[   10.000000] [92mReset cpumask[0m
[   10.000000] [92mReset tasks state[0m
[   10.000000] [92mRunning driver executor[0m
[   10.000000] EXECOP: {"op": 8, "a": 0, "b": 0, "c": 0}
[   10.001000] CPU 1: 0, 0, 10001000000, 10001000000, 0
[   10.001000] CPU 2: 0, 0, 10001000000, 10001000000, 0
[   10.001000] CPU 3: 0, 0, 10001000000, 10001000000, 0
[   10.001000] CPU 4: 0, 0, 10001000000, 10001000000, 0
[   10.001000] EXECOP: {"op": 8, "a": 0, "b": 0, "c": 0}
[   10.002000] CPU 1: 0, 0, 10002000000, 10002000000, 0
[   10.002000] CPU 2: 0, 0, 10002000000, 10002000000, 0
[   10.002000] CPU 3: 0, 0, 10002000000, 10002000000, 0
[   10.002000] CPU 4: 0, 0, 10002000000, 10002000000, 0
[   10.002000] EXECOP: {"op": 8, "a": 0, "b": 0, "c": 0}
[   10.003000] CPU 1: 0, 0, 10003000000, 10003000000, 0
[   10.003000] CPU 2: 0, 0, 10003000000, 10003000000, 0
[   10.003000] CPU 3: 0, 0, 10003000000, 10003000000, 0
[   10.003000] CPU 4: 0, 0, 10003000000, 10003000000, 0
[   10.003000] EXECOP: {"op": 8, "a": 0, "b": 0, "c": 0}
[   10.004000] should balance
[   10.004000] CPU 1: 0, 0, 10004000000, 10004000000, 0
[   10.004000] CPU 2: 0, 0, 10004000000, 10004000000, 0
[   10.004000] CPU 3: 0, 0, 10004000000, 10004000000, 0
[   10.004000] CPU 4: 0, 0, 10004000000, 10004000000, 0
[   10.004000] EXECOP: {"op": 8, "a": 0, "b": 0, "c": 0}
[   10.005000] CPU 1: 0, 0, 10005000000, 10005000000, 0
[   10.005000] CPU 2: 0, 0, 10005000000, 10005000000, 0
[   10.005000] CPU 3: 0, 0, 10005000000, 10005000000, 0
[   10.005000] CPU 4: 0, 0, 10005000000, 10005000000, 0
[   10.005000] EXECOP: {"op": 8, "a": 0, "b": 0, "c": 0}
[   10.006000] CPU 1: 0, 0, 10006000000, 10006000000, 0
[   10.006000] CPU 2: 0, 0, 10006000000, 10006000000, 0
[   10.006000] CPU 3: 0, 0, 10006000000, 10006000000, 0
[   10.006000] CPU 4: 0, 0, 10006000000, 10006000000, 0
[   10.006000] EXECOP: {"op": 8, "a": 0, "b": 0, "c": 0}
[   10.007000] CPU 1: 0, 0, 10007000000, 10007000000, 0
[   10.007000] CPU 2: 0, 0, 10007000000, 10007000000, 0
[   10.007000] CPU 3: 0, 0, 10007000000, 10007000000, 0
[   10.007000] CPU 4: 0, 0, 10007000000, 10007000000, 0
[   10.007000] EXECOP: {"op": 8, "a": 0, "b": 0, "c": 0}
[   10.008000] CPU 1: 0, 0, 10008000000, 10008000000, 0
[   10.008000] CPU 2: 0, 0, 10008000000, 10008000000, 0
[   10.008000] CPU 3: 0, 0, 10008000000, 10008000000, 0
[   10.008000] CPU 4: 0, 0, 10008000000, 10008000000, 0
[   10.008000] EXECOP: {"op": 8, "a": 0, "b": 0, "c": 0}
[   10.009000] CPU 1: 0, 0, 10009000000, 10009000000, 0
[   10.009000] CPU 2: 0, 0, 10009000000, 10009000000, 0
[   10.009000] CPU 3: 0, 0, 10009000000, 10009000000, 0
[   10.009000] CPU 4: 0, 0, 10009000000, 10009000000, 0
[   10.009000] EXECOP: {"op": 8, "a": 0, "b": 0, "c": 0}
[   10.010000] CPU 1: 0, 0, 10010000000, 10010000000, 0
[   10.010000] CPU 2: 0, 0, 10010000000, 10010000000, 0
[   10.010000] CPU 3: 0, 0, 10010000000, 10010000000, 0
[   10.010000] CPU 4: 0, 0, 10010000000, 10010000000, 0
[   10.010000] EXECOP: {"op": 8, "a": 0, "b": 0, "c": 0}
[   10.011000] CPU 1: 0, 0, 10011000000, 10011000000, 0
[   10.011000] CPU 2: 0, 0, 10011000000, 10011000000, 0
[   10.011000] CPU 3: 0, 0, 10011000000, 10011000000, 0
[   10.011000] CPU 4: 0, 0, 10011000000, 10011000000, 0
[   10.011000] EXECOP: {"op": 8, "a": 0, "b": 0, "c": 0}
[   10.012000] should balance
[   10.012000] CPU 1: 0, 0, 10012000000, 10012000000, 0
[   10.012000] CPU 2: 0, 0, 10012000000, 10012000000, 0
[   10.012000] CPU 3: 0, 0, 10012000000, 10012000000, 0
[   10.012000] CPU 4: 0, 0, 10012000000, 10012000000, 0
[   10.012000] EXECOP: {"op": 8, "a": 0, "b": 0, "c": 0}
[   10.013000] CPU 1: 0, 0, 10013000000, 10013000000, 0
[   10.013000] CPU 2: 0, 0, 10013000000, 10013000000, 0
[   10.013000] CPU 3: 0, 0, 10013000000, 10013000000, 0
[   10.013000] CPU 4: 0, 0, 10013000000, 10013000000, 0
[   10.013000] EXECOP: {"op": 8, "a": 0, "b": 0, "c": 0}
[   10.014000] CPU 1: 0, 0, 10014000000, 10014000000, 0
[   10.014000] CPU 2: 0, 0, 10014000000, 10014000000, 0
[   10.014000] CPU 3: 0, 0, 10014000000, 10014000000, 0
[   10.014000] CPU 4: 0, 0, 10014000000, 10014000000, 0
[   10.014000] EXECOP: {"op": 8, "a": 0, "b": 0, "c": 0}
[   10.015000] CPU 1: 0, 0, 10015000000, 10015000000, 0
[   10.015000] CPU 2: 0, 0, 10015000000, 10015000000, 0
[   10.015000] CPU 3: 0, 0, 10015000000, 10015000000, 0
[   10.015000] CPU 4: 0, 0, 10015000000, 10015000000, 0
[   10.015000] EXECOP: {"op": 8, "a": 0, "b": 0, "c": 0}
[   10.016000] CPU 1: 0, 0, 10016000000, 10016000000, 0
[   10.016000] CPU 2: 0, 0, 10016000000, 10016000000, 0
[   10.016000] CPU 3: 0, 0, 10016000000, 10016000000, 0
[   10.016000] CPU 4: 0, 0, 10016000000, 10016000000, 0
[   10.016000] EXECOP: {"op": 8, "a": 0, "b": 0, "c": 0}
[   10.017000] CPU 1: 0, 0, 10017000000, 10017000000, 0
[   10.017000] CPU 2: 0, 0, 10017000000, 10017000000, 0
[   10.017000] CPU 3: 0, 0, 10017000000, 10017000000, 0
[   10.017000] CPU 4: 0, 0, 10017000000, 10017000000, 0
[   10.017000] EXECOP: {"op": 8, "a": 0, "b": 0, "c": 0}
[   10.018000] CPU 1: 0, 0, 10018000000, 10018000000, 0
[   10.018000] CPU 2: 0, 0, 10018000000, 10018000000, 0
[   10.018000] CPU 3: 0, 0, 10018000000, 10018000000, 0
[   10.018000] CPU 4: 0, 0, 10018000000, 10018000000, 0
[   10.018000] EXECOP: {"op": 8, "a": 0, "b": 0, "c": 0}
[   10.019000] CPU 1: 0, 0, 10019000000, 10019000000, 0
[   10.019000] CPU 2: 0, 0, 10019000000, 10019000000, 0
[   10.019000] CPU 3: 0, 0, 10019000000, 10019000000, 0
[   10.019000] CPU 4: 0, 0, 10019000000, 10019000000, 0
[   10.019000] EXECOP: {"op": 8, "a": 0, "b": 0, "c": 0}
[   10.020000] should balance
[   10.020000] CPU 1: 0, 0, 10020000000, 10020000000, 0
[   10.020000] CPU 2: 0, 0, 10020000000, 10020000000, 0
[   10.020000] CPU 3: 0, 0, 10020000000, 10020000000, 0
[   10.020000] CPU 4: 0, 0, 10020000000, 10020000000, 0
[   10.020000] EXECOP: {"op": 8, "a": 0, "b": 0, "c": 0}
[   10.021000] CPU 1: 0, 0, 10021000000, 10021000000, 0
[   10.021000] CPU 2: 0, 0, 10021000000, 10021000000, 0
[   10.021000] CPU 3: 0, 0, 10021000000, 10021000000, 0
[   10.021000] CPU 4: 0, 0, 10021000000, 10021000000, 0
[   10.021000] EXECOP: {"op": 8, "a": 0, "b": 0, "c": 0}
[   10.022000] CPU 1: 0, 0, 10022000000, 10022000000, 0
[   10.022000] CPU 2: 0, 0, 10022000000, 10022000000, 0
[   10.022000] CPU 3: 0, 0, 10022000000, 10022000000, 0
[   10.022000] CPU 4: 0, 0, 10022000000, 10022000000, 0
[   10.022000] EXECOP: {"op": 8, "a": 0, "b": 0, "c": 0}
[   10.023000] CPU 1: 0, 0, 10023000000, 10023000000, 0
[   10.023000] CPU 2: 0, 0, 10023000000, 10023000000, 0
[   10.023000] CPU 3: 0, 0, 10023000000, 10023000000, 0
[   10.023000] CPU 4: 0, 0, 10023000000, 10023000000, 0
[   10.023000] EXECOP: {"op": 8, "a": 0, "b": 0, "c": 0}
[   10.024000] CPU 1: 0, 0, 10024000000, 10024000000, 0
[   10.024000] CPU 2: 0, 0, 10024000000, 10024000000, 0
[   10.024000] CPU 3: 0, 0, 10024000000, 10024000000, 0
[   10.024000] CPU 4: 0, 0, 10024000000, 10024000000, 0
[   10.024000] EXECOP: {"op": 0, "a": 0, "b": 0, "c": 0}
[   10.024000] [92mTask created with pid 75[0m
[   10.024000] [92mTask 75 is ready[0m
[   10.024000] [92mPinned task 75 to CPUs 1-4[0m
[   10.024000] Task 0 75: on_cpu=0, state=1, cpu=0, class=0, util_avg=0
[   10.024000] CPU 1: 0, 0, 10024000000, 10024000000, 0
[   10.024000] CPU 2: 0, 0, 10024000000, 10024000000, 0
[   10.024000] CPU 3: 0, 0, 10024000000, 10024000000, 0
[   10.024000] CPU 4: 0, 0, 10024000000, 10024000000, 0
[   10.024000] EXECOP: {"op": 6, "a": 0, "b": 0, "c": 0}
[   10.024000] [92mWaked up task 75[0m
[   10.024000] Task 0 75: on_cpu=1, state=0, cpu=1, class=0, util_avg=0
[   10.024000] CPU 1: 0, 0, 10024000000, 10024000000, 0
[   10.024000] CPU 2: 0, 0, 10024000000, 10024000000, 0
[   10.024000] CPU 3: 0, 0, 10024000000, 10024000000, 0
[   10.024000] CPU 4: 0, 0, 10024000000, 10024000000, 0
[   10.024000] EXECOP: {"op": 4, "a": 0, "b": 0, "c": 0}
[   10.024000] [92mSet task 75 to CFS[0m
[   10.024000] Task 0 75: on_cpu=1, state=0, cpu=1, class=0, util_avg=0
[   10.024000] CPU 1: 0, 0, 10024000000, 10024000000, 0
[   10.024000] CPU 2: 0, 0, 10024000000, 10024000000, 0
[   10.024000] CPU 3: 0, 0, 10024000000, 10024000000, 0
[   10.024000] CPU 4: 0, 0, 10024000000, 10024000000, 0
[   10.024000] EXECOP: {"op": 4, "a": 0, "b": 0, "c": 0}
[   10.024000] [92mSet task 75 to CFS[0m
[   10.024000] Task 0 75: on_cpu=1, state=0, cpu=1, class=0, util_avg=0
[   10.024000] CPU 1: 0, 0, 10024000000, 10024000000, 0
[   10.024000] CPU 2: 0, 0, 10024000000, 10024000000, 0
[   10.024000] CPU 3: 0, 0, 10024000000, 10024000000, 0
[   10.024000] CPU 4: 0, 0, 10024000000, 10024000000, 0
[   10.024000] EXECOP: {"op": 2, "a": 0, "b": 1, "c": 4}
[   10.024000] [92mPinned task 75 to CPUs 1-4[0m
[   10.024000] Task 0 75: on_cpu=1, state=0, cpu=1, class=0, util_avg=0
[   10.024000] CPU 1: 0, 0, 10024000000, 10024000000, 0
[   10.024000] CPU 2: 0, 0, 10024000000, 10024000000, 0
[   10.024000] CPU 3: 0, 0, 10024000000, 10024000000, 0
[   10.024000] CPU 4: 0, 0, 10024000000, 10024000000, 0
[   10.024000] EXECOP: {"op": 5, "a": 0, "b": 0, "c": 0}
[   10.024000] [92mPaused task 75[0m
[   10.024000] Task 0 75: on_cpu=0, state=1, cpu=1, class=0, util_avg=0
[   10.024000] CPU 1: 0, 0, 10024000000, 10024000000, 0
[   10.024000] CPU 2: 0, 0, 10024000000, 10024000000, 0
[   10.024000] CPU 3: 0, 0, 10024000000, 10024000000, 0
[   10.024000] CPU 4: 0, 0, 10024000000, 10024000000, 0
[   10.024000] EXECOP: {"op": 8, "a": 0, "b": 0, "c": 0}
[   10.025000] Task 0 75: on_cpu=0, state=1, cpu=1, class=0, util_avg=0
[   10.025000] CPU 1: 0, 0, 10025000000, 10025000000, 0
[   10.025000] CPU 2: 0, 0, 10025000000, 10025000000, 0
[   10.025000] CPU 3: 0, 0, 10025000000, 10025000000, 0
[   10.025000] CPU 4: 0, 0, 10025000000, 10025000000, 0
[   10.025000] EXECOP: {"op": 8, "a": 0, "b": 0, "c": 0}
[   10.026000] Task 0 75: on_cpu=0, state=1, cpu=1, class=0, util_avg=0
[   10.026000] CPU 1: 0, 0, 10026000000, 10026000000, 0
[   10.026000] CPU 2: 0, 0, 10026000000, 10026000000, 0
[   10.026000] CPU 3: 0, 0, 10026000000, 10026000000, 0
[   10.026000] CPU 4: 0, 0, 10026000000, 10026000000, 0
[   10.026000] EXECOP: {"op": 8, "a": 0, "b": 0, "c": 0}
[   10.027000] Task 0 75: on_cpu=0, state=1, cpu=1, class=0, util_avg=0
[   10.027000] CPU 1: 0, 0, 10027000000, 10027000000, 0
[   10.027000] CPU 2: 0, 0, 10027000000, 10027000000, 0
[   10.027000] CPU 3: 0, 0, 10027000000, 10027000000, 0
[   10.027000] CPU 4: 0, 0, 10027000000, 10027000000, 0
[   10.027000] EXECOP: {"op": 6, "a": 0, "b": 0, "c": 0}
[   10.027000] [92mWaked up task 75[0m
[   10.027000] Task 0 75: on_cpu=1, state=0, cpu=1, class=0, util_avg=0
[   10.027000] CPU 1: 0, 0, 10027000000, 10027000000, 0
[   10.027000] CPU 2: 0, 0, 10027000000, 10027000000, 0
[   10.027000] CPU 3: 0, 0, 10027000000, 10027000000, 0
[   10.027000] CPU 4: 0, 0, 10027000000, 10027000000, 0
[   10.027000] EXECOP: {"op": 0, "a": 1, "b": 0, "c": 0}
[   10.027000] [92mTask created with pid 76[0m
[   10.027000] [92mTask 76 is ready[0m
[   10.027000] [92mPinned task 76 to CPUs 1-4[0m
[   10.027000] Task 0 75: on_cpu=1, state=0, cpu=1, class=0, util_avg=0
[   10.027000] Task 1 76: on_cpu=0, state=1, cpu=0, class=0, util_avg=0
[   10.027000] CPU 1: 0, 0, 10027000000, 10027000000, 0
[   10.027000] CPU 2: 0, 0, 10027000000, 10027000000, 0
[   10.027000] CPU 3: 0, 0, 10027000000, 10027000000, 0
[   10.027000] CPU 4: 0, 0, 10027000000, 10027000000, 0
[   10.027000] EXECOP: {"op": 4, "a": 0, "b": 0, "c": 0}
[   10.027000] [92mSet task 75 to CFS[0m
[   10.027000] Task 0 75: on_cpu=1, state=0, cpu=1, class=0, util_avg=0
[   10.027000] Task 1 76: on_cpu=0, state=1, cpu=0, class=0, util_avg=0
[   10.027000] CPU 1: 0, 0, 10027000000, 10027000000, 0
[   10.027000] CPU 2: 0, 0, 10027000000, 10027000000, 0
[   10.027000] CPU 3: 0, 0, 10027000000, 10027000000, 0
[   10.027000] CPU 4: 0, 0, 10027000000, 10027000000, 0
[   10.027000] EXECOP: {"op": 6, "a": 1, "b": 0, "c": 0}
[   10.027000] [92mWaked up task 76[0m
[   10.027000] Task 0 75: on_cpu=1, state=0, cpu=1, class=0, util_avg=0
[   10.027000] Task 1 76: on_cpu=0, state=0, cpu=1, class=0, util_avg=0
[   10.027000] CPU 1: 0, 0, 10027000000, 10027000000, 0
[   10.027000] CPU 2: 0, 0, 10027000000, 10027000000, 0
[   10.027000] CPU 3: 0, 0, 10027000000, 10027000000, 0
[   10.027000] CPU 4: 0, 0, 10027000000, 10027000000, 0
[   10.027000] EXECOP: {"op": 3, "a": 0, "b": 0, "c": 0}
[   10.027000] [92mWriting /sys/fs/cgroup//cgroup.procs: 75[0m
[   10.027000] [92mPinned task 75 to CPUs 1-4[0m
[   10.027000] [92mSet task 75 to FIFO[0m
[   10.027000] Task 0 75: on_cpu=1, state=0, cpu=1, class=1, util_avg=0
[   10.027000] Task 1 76: on_cpu=0, state=0, cpu=1, class=0, util_avg=0
[   10.027000] CPU 1: 0, 0, 10027000000, 10027000000, 0
[   10.027000] CPU 2: 0, 0, 10027000000, 10027000000, 0
[   10.027000] CPU 3: 0, 0, 10027000000, 10027000000, 0
[   10.027000] CPU 4: 0, 0, 10027000000, 10027000000, 0
[   10.027000] EXECOP: {"op": 0, "a": 2, "b": 0, "c": 0}
[   10.027000] [92mTask created with pid 77[0m
[   10.027000] [92mTask 77 is ready[0m
[   10.027000] [92mPinned task 77 to CPUs 1-4[0m
[   10.027000] Task 0 75: on_cpu=1, state=0, cpu=1, class=1, util_avg=0
[   10.027000] Task 1 76: on_cpu=0, state=0, cpu=1, class=0, util_avg=0
[   10.027000] Task 2 77: on_cpu=0, state=1, cpu=0, class=0, util_avg=0
[   10.027000] CPU 1: 0, 0, 10027000000, 10027000000, 0
[   10.027000] CPU 2: 0, 0, 10027000000, 10027000000, 0
[   10.027000] CPU 3: 0, 0, 10027000000, 10027000000, 0
[   10.027000] CPU 4: 0, 0, 10027000000, 10027000000, 0
[   10.027000] EXECOP: {"op": 4, "a": 0, "b": 0, "c": 0}
[   10.027000] [92mSet task 75 to CFS[0m
[   10.027000] Task 0 75: on_cpu=1, state=0, cpu=1, class=0, util_avg=0
[   10.027000] Task 1 76: on_cpu=0, state=0, cpu=1, class=0, util_avg=0
[   10.027000] Task 2 77: on_cpu=0, state=1, cpu=0, class=0, util_avg=0
[   10.027000] CPU 1: 0, 0, 10027000000, 10027000000, 0
[   10.027000] CPU 2: 0, 0, 10027000000, 10027000000, 0
[   10.027000] CPU 3: 0, 0, 10027000000, 10027000000, 0
[   10.027000] CPU 4: 0, 0, 10027000000, 10027000000, 0
[   10.027000] EXECOP: {"op": 10, "a": -1, "b": 0, "c": 0}
[   10.027000] [92mSet min vruntime to 10000000000 ns on cpu 0[0m
[   10.027000] [92mSet min vruntime to 10000000000 ns on cpu 1[0m
[   10.027000] [92mSet min vruntime to 10000000000 ns on cpu 2[0m
[   10.027000] [92mSet min vruntime to 10000000000 ns on cpu 3[0m
[   10.027000] [92mSet min vruntime to 10000000000 ns on cpu 4[0m
[   10.027000] [92mCreated directory /sys/fs/cgroup/cg0[0m
[   10.027000] [92mWriting /sys/fs/cgroup/cg0/cgroup.subtree_control: +cpu +cpuset[0m
[   10.027000] [92mWriting /sys/fs/cgroup/cg0/cpuset.cpus: 1-4[0m
[   10.027000] Task 0 75: on_cpu=1, state=0, cpu=1, class=0, util_avg=0
[   10.027000] Task 1 76: on_cpu=0, state=0, cpu=1, class=0, util_avg=0
[   10.027000] Task 2 77: on_cpu=0, state=1, cpu=0, class=0, util_avg=0
[   10.027000] CPU 1: 0, 0, 10027000000, 10027000000, 0
[   10.027000] CPU 2: 0, 0, 10027000000, 10027000000, 0
[   10.027000] CPU 3: 0, 0, 10027000000, 10027000000, 0
[   10.027000] CPU 4: 0, 0, 10027000000, 10027000000, 0
[   10.027000] EXECOP: {"op": 1, "a": 0, "b": 3, "c": 0}
[   10.027000] [92mForked task 75 1 times[0m
[   10.027000] Task 0 75: on_cpu=1, state=0, cpu=1, class=0, util_avg=0
[   10.027000] Task 1 76: on_cpu=0, state=0, cpu=1, class=0, util_avg=0
[   10.027000] Task 2 77: on_cpu=0, state=1, cpu=0, class=0, util_avg=0
[   10.027000] Task 3 78: on_cpu=1, state=0, cpu=3, class=0, util_avg=512
[   10.027000] CPU 1: 0, 0, 10027000000, 10027000000, 0
[   10.027000] CPU 2: 0, 0, 10027000000, 10027000000, 0
[   10.027000] CPU 3: 512, 0, 10027000000, 10027000000, 0
[   10.027000] CPU 4: 0, 0, 10027000000, 10027000000, 0
[   10.027000] EXECOP: {"op": 10, "a": -1, "b": 1, "c": 0}
[   10.027000] [92mSet min vruntime to 10000000000 ns on cpu 0[0m
[   10.027000] [92mSet min vruntime to 10000000000 ns on cpu 1[0m
[   10.027000] [92mSet min vruntime to 10000000000 ns on cpu 2[0m
[   10.027000] [92mSet min vruntime to 10000000000 ns on cpu 3[0m
[   10.027000] [92mSet min vruntime to 10000000000 ns on cpu 4[0m
[   10.027000] [92mCreated directory /sys/fs/cgroup/cg1[0m
[   10.027000] [92mWriting /sys/fs/cgroup/cg1/cgroup.subtree_control: +cpu +cpuset[0m
[   10.027000] [92mWriting /sys/fs/cgroup/cg1/cpuset.cpus: 1-4[0m
[   10.027000] Task 0 75: on_cpu=1, state=0, cpu=1, class=0, util_avg=0
[   10.027000] Task 1 76: on_cpu=0, state=0, cpu=1, class=0, util_avg=0
[   10.027000] Task 2 77: on_cpu=0, state=1, cpu=0, class=0, util_avg=0
[   10.027000] Task 3 78: on_cpu=1, state=0, cpu=3, class=0, util_avg=512
[   10.027000] CPU 1: 0, 0, 10027000000, 10027000000, 0
[   10.027000] CPU 2: 0, 0, 10027000000, 10027000000, 0
[   10.027000] CPU 3: 512, 0, 10027000000, 10027000000, 0
[   10.027000] CPU 4: 0, 0, 10027000000, 10027000000, 0
[   10.027000] EXECOP: {"op": 3, "a": 0, "b": 0, "c": 0}
[   10.027000] [92mWriting /sys/fs/cgroup//cgroup.procs: 75[0m
[   10.027000] [92mPinned task 75 to CPUs 1-4[0m
[   10.027000] [92mSet task 75 to FIFO[0m
[   10.027000] Task 0 75: on_cpu=1, state=0, cpu=1, class=1, util_avg=0
[   10.027000] Task 1 76: on_cpu=0, state=0, cpu=1, class=0, util_avg=0
[   10.027000] Task 2 77: on_cpu=0, state=1, cpu=0, class=0, util_avg=0
[   10.027000] Task 3 78: on_cpu=1, state=0, cpu=3, class=0, util_avg=512
[   10.027000] CPU 1: 0, 0, 10027000000, 10027000000, 0
[   10.027000] CPU 2: 0, 0, 10027000000, 10027000000, 0
[   10.027000] CPU 3: 512, 0, 10027000000, 10027000000, 0
[   10.027000] CPU 4: 0, 0, 10027000000, 10027000000, 0
[   10.027000] EXECOP: {"op": 2, "a": 3, "b": 2, "c": 2}
[   10.027000] should balance
[   10.027000] [92mPinned task 78 to CPUs 2-2[0m
[   10.027000] found group
[   10.027000] found target cpu 1
[   10.027000] Task 0 75: on_cpu=1, state=0, cpu=1, class=1, util_avg=0
[   10.027000] Task 1 76: on_cpu=1, state=0, cpu=3, class=0, util_avg=0
[   10.027000] Task 2 77: on_cpu=0, state=1, cpu=0, class=0, util_avg=0
[   10.027000] Task 3 78: on_cpu=1, state=0, cpu=2, class=0, util_avg=512
[   10.027000] CPU 1: 0, 0, 10027000000, 10027000000, 0
[   10.027000] CPU 2: 512, 0, 10027000000, 10027000000, 0
[   10.027000] CPU 3: 0, 0, 10027000000, 10027000000, 0
[   10.027000] CPU 4: 0, 0, 10027000000, 10027000000, 0
[   10.027000] EXECOP: {"op": 8, "a": 0, "b": 0, "c": 0}
[   10.028000] Task 0 75: on_cpu=1, state=0, cpu=1, class=1, util_avg=0
[   10.028000] Task 1 76: on_cpu=1, state=0, cpu=3, class=0, util_avg=20
[   10.028000] Task 2 77: on_cpu=0, state=1, cpu=0, class=0, util_avg=0
[   10.028000] Task 3 78: on_cpu=1, state=0, cpu=2, class=0, util_avg=522
[   10.028000] CPU 1: 0, 20, 10028000000, 10028000000, 0
[   10.028000] CPU 2: 522, 0, 10028000000, 10028000000, 0
[   10.028000] CPU 3: 20, 0, 10028000000, 10028000000, 0
[   10.028000] CPU 4: 0, 0, 10028000000, 10028000000, 0
[   10.028000] EXECOP: {"op": 8, "a": 0, "b": 0, "c": 0}
[   10.029000] Task 0 75: on_cpu=1, state=0, cpu=1, class=1, util_avg=0
[   10.029000] Task 1 76: on_cpu=1, state=0, cpu=3, class=0, util_avg=41
[   10.029000] Task 2 77: on_cpu=0, state=1, cpu=0, class=0, util_avg=0
[   10.029000] Task 3 78: on_cpu=1, state=0, cpu=2, class=0, util_avg=532
[   10.029000] CPU 1: 0, 41, 10029000000, 10029000000, 0
[   10.029000] CPU 2: 532, 0, 10029000000, 10029000000, 0
[   10.029000] CPU 3: 41, 0, 10029000000, 10029000000, 0
[   10.029000] CPU 4: 0, 0, 10029000000, 10029000000, 0
[   10.029000] EXECOP: {"op": 10, "a": 0, "b": 2, "c": 0}
[   10.029000] [92mSet min vruntime to 10000000000 ns on cpu 0[0m
[   10.029000] [92mSet min vruntime to 10000000000 ns on cpu 1[0m
[   10.029000] [92mSet min vruntime to 10000000000 ns on cpu 2[0m
[   10.029000] [92mSet min vruntime to 10000000000 ns on cpu 3[0m
[   10.029000] [92mSet min vruntime to 10000000000 ns on cpu 4[0m
[   10.029000] [92mCreated directory /sys/fs/cgroup/cg0/cg2[0m
[   10.029000] [92mWriting /sys/fs/cgroup/cg0/cg2/cgroup.subtree_control: +cpu +cpuset[0m
[   10.029000] [92mWriting /sys/fs/cgroup/cg0/cg2/cpuset.cpus: 1-4[0m
[   10.029000] Task 0 75: on_cpu=1, state=0, cpu=1, class=1, util_avg=0
[   10.029000] Task 1 76: on_cpu=1, state=0, cpu=3, class=0, util_avg=41
[   10.029000] Task 2 77: on_cpu=0, state=1, cpu=0, class=0, util_avg=0
[   10.029000] Task 3 78: on_cpu=1, state=0, cpu=2, class=0, util_avg=532
[   10.029000] CPU 1: 0, 41, 10029000000, 10029000000, 0
[   10.029000] CPU 2: 532, 0, 10029000000, 10029000000, 0
[   10.029000] CPU 3: 41, 0, 10029000000, 10029000000, 0
[   10.029000] CPU 4: 0, 0, 10029000000, 10029000000, 0
[   10.029000] EXECOP: {"op": 6, "a": 2, "b": 0, "c": 0}
[   10.029000] [92mWaked up task 77[0m
[   10.029000] Task 0 75: on_cpu=1, state=0, cpu=1, class=1, util_avg=0
[   10.029000] Task 1 76: on_cpu=1, state=0, cpu=3, class=0, util_avg=41
[   10.029000] Task 2 77: on_cpu=0, state=0, cpu=1, class=0, util_avg=0
[   10.029000] Task 3 78: on_cpu=1, state=0, cpu=2, class=0, util_avg=532
[   10.029000] CPU 1: 0, 41, 10029000000, 10029000000, 0
[   10.029000] CPU 2: 532, 0, 10029000000, 10029000000, 0
[   10.029000] CPU 3: 41, 0, 10029000000, 10029000000, 0
[   10.029000] CPU 4: 0, 0, 10029000000, 10029000000, 0
[   10.029000] EXECOP: {"op": 10, "a": 2, "b": 3, "c": 0}
[   10.029000] [92mSet min vruntime to 10000000000 ns on cpu 0[0m
[   10.029000] [92mSet min vruntime to 10000000000 ns on cpu 1[0m
[   10.029000] [92mSet min vruntime to 10000000000 ns on cpu 2[0m
[   10.029000] [92mSet min vruntime to 10000000000 ns on cpu 3[0m
[   10.029000] [92mSet min vruntime to 10000000000 ns on cpu 4[0m
[   10.029000] [92mCreated directory /sys/fs/cgroup/cg0/cg2/cg3[0m
[   10.029000] [92mWriting /sys/fs/cgroup/cg0/cg2/cg3/cgroup.subtree_control: +cpu +cpuset[0m
[   10.029000] [92mWriting /sys/fs/cgroup/cg0/cg2/cg3/cpuset.cpus: 1-4[0m
[   10.029000] Task 0 75: on_cpu=1, state=0, cpu=1, class=1, util_avg=0
[   10.029000] Task 1 76: on_cpu=1, state=0, cpu=3, class=0, util_avg=41
[   10.029000] Task 2 77: on_cpu=0, state=0, cpu=1, class=0, util_avg=0
[   10.029000] Task 3 78: on_cpu=1, state=0, cpu=2, class=0, util_avg=532
[   10.029000] CPU 1: 0, 41, 10029000000, 10029000000, 0
[   10.029000] CPU 2: 532, 0, 10029000000, 10029000000, 0
[   10.029000] CPU 3: 41, 0, 10029000000, 10029000000, 0
[   10.029000] CPU 4: 0, 0, 10029000000, 10029000000, 0
[   10.029000] EXECOP: {"op": 11, "a": 1, "b": 4, "c": 4}
[   10.029000] [92mWriting /sys/fs/cgroup/cg1/cpuset.cpus: 4-4[0m
[   10.029000] Task 0 75: on_cpu=1, state=0, cpu=1, class=1, util_avg=0
[   10.029000] Task 1 76: on_cpu=1, state=0, cpu=3, class=0, util_avg=41
[   10.029000] Task 2 77: on_cpu=0, state=0, cpu=1, class=0, util_avg=0
[   10.029000] Task 3 78: on_cpu=1, state=0, cpu=2, class=0, util_avg=532
[   10.029000] CPU 1: 0, 41, 10029000000, 10029000000, 0
[   10.029000] CPU 2: 532, 0, 10029000000, 10029000000, 0
[   10.029000] CPU 3: 41, 0, 10029000000, 10029000000, 0
[   10.029000] CPU 4: 0, 0, 10029000000, 10029000000, 0
[   10.029000] EXECOP: {"op": 8, "a": 0, "b": 0, "c": 0}
[   10.030000] Task 0 75: on_cpu=1, state=0, cpu=1, class=1, util_avg=0
[   10.030000] Task 1 76: on_cpu=1, state=0, cpu=3, class=0, util_avg=61
[   10.030000] Task 2 77: on_cpu=0, state=0, cpu=1, class=0, util_avg=0
[   10.030000] Task 3 78: on_cpu=1, state=0, cpu=2, class=0, util_avg=542
[   10.030000] CPU 1: 0, 61, 10030000000, 10030000000, 0
[   10.030000] CPU 2: 542, 0, 10030000000, 10030000000, 0
[   10.030000] CPU 3: 61, 0, 10030000000, 10030000000, 0
[   10.030000] CPU 4: 0, 0, 10030000000, 10030000000, 0
[   10.030000] EXECOP: {"op": 8, "a": 0, "b": 0, "c": 0}
[   10.031000] Task 0 75: on_cpu=1, state=0, cpu=1, class=1, util_avg=0
[   10.031000] Task 1 76: on_cpu=1, state=0, cpu=3, class=0, util_avg=81
[   10.031000] Task 2 77: on_cpu=0, state=0, cpu=1, class=0, util_avg=0
[   10.031000] Task 3 78: on_cpu=1, state=0, cpu=2, class=0, util_avg=552
[   10.031000] CPU 1: 0, 81, 10031000000, 10031000000, 0
[   10.031000] CPU 2: 552, 0, 10031000000, 10031000000, 0
[   10.031000] CPU 3: 81, 0, 10031000000, 10031000000, 0
[   10.031000] CPU 4: 0, 0, 10031000000, 10031000000, 0
[   10.031000] EXECOP: {"op": 8, "a": 0, "b": 0, "c": 0}
[   10.032000] Task 0 75: on_cpu=1, state=0, cpu=1, class=1, util_avg=0
[   10.032000] Task 1 76: on_cpu=1, state=0, cpu=3, class=0, util_avg=100
[   10.032000] Task 2 77: on_cpu=0, state=0, cpu=1, class=0, util_avg=0
[   10.032000] Task 3 78: on_cpu=1, state=0, cpu=2, class=0, util_avg=562
[   10.032000] CPU 1: 0, 100, 10032000000, 10032000000, 0
[   10.032000] CPU 2: 562, 0, 10032000000, 10032000000, 0
[   10.032000] CPU 3: 100, 0, 10032000000, 10032000000, 0
[   10.032000] CPU 4: 0, 0, 10032000000, 10032000000, 0
[   10.032000] EXECOP: {"op": 8, "a": 0, "b": 0, "c": 0}
[   10.033000] Task 0 75: on_cpu=1, state=0, cpu=1, class=1, util_avg=0
[   10.033000] Task 1 76: on_cpu=1, state=0, cpu=3, class=0, util_avg=119
[   10.033000] Task 2 77: on_cpu=0, state=0, cpu=1, class=0, util_avg=0
[   10.033000] Task 3 78: on_cpu=1, state=0, cpu=2, class=0, util_avg=571
[   10.033000] CPU 1: 0, 119, 10033000000, 10033000000, 0
[   10.033000] CPU 2: 571, 0, 10033000000, 10033000000, 0
[   10.033000] CPU 3: 119, 0, 10033000000, 10033000000, 0
[   10.033000] CPU 4: 0, 0, 10033000000, 10033000000, 0
[   10.033000] EXECOP: {"op": 1, "a": 3, "b": 4, "c": 0}
[   10.033000] [92mForked task 78 1 times[0m
[   10.033000] Task 0 75: on_cpu=1, state=0, cpu=1, class=1, util_avg=0
[   10.033000] Task 1 76: on_cpu=1, state=0, cpu=3, class=0, util_avg=119
[   10.033000] Task 2 77: on_cpu=0, state=0, cpu=1, class=0, util_avg=0
[   10.033000] Task 3 78: on_cpu=1, state=0, cpu=2, class=0, util_avg=571
[   10.033000] Task 4 79: on_cpu=0, state=0, cpu=2, class=0, util_avg=226
[   10.033000] CPU 1: 0, 119, 10033000000, 10033000000, 0
[   10.033000] CPU 2: 797, 0, 10033000000, 10033000000, 0
[   10.033000] CPU 3: 119, 0, 10033000000, 10033000000, 0
[   10.033000] CPU 4: 0, 0, 10033000000, 10033000000, 0
[   10.133000] [92mRunnable task 2 (77) can run on idle CPUs 1-4[0m
[   10.133000] [92mwork_conserving_check: runnable=5 idle_cpus=4 eligible=1[0m
[   10.133000] [92mExiting driver executor on Linux 7.0.0-rc7-master[0m
[   10.133000] reboot: Restarting system
[   10.133000] reboot: machine restart
