c[?7l[2J[0mSeaBIOS (version 1.16.3-debian-1.16.3-2)
Booting from ROM..c[?7l[2J[    0.000000] Linux version 7.0.0-rc7-master (Tingjia@node0.sched.advosuwmadison-pg0.wisc.cloudlab.us) (gcc (Ubuntu 13.3.0-6ubuntu2~24.04.1) 13.3.0, GNU ld (GNU Binutils for Ubuntu) 2.42) #1 SMP PREEMPT 1970-01-01
[    0.000000] Command line: rw nokaslr loglevel=7 sched_verbose isolcpus=nohz,managed_irq,1-4 irqaffinity=0 rcu_nocbs=1-4 nohz_full=1-4 init=/init panic=-1 console=ttyS0 tsc=nowatchdog -- driver=executor topology=CLS:0/1-2/1-2/3-4/3-4
[    0.000000] BIOS-provided physical RAM map:
[    0.000000] BIOS-e820: [mem 0x0000000000000000-0x000000000009fbff]  System RAM
[    0.000000] BIOS-e820: [mem 0x000000000009fc00-0x000000000009ffff]  device reserved
[    0.000000] BIOS-e820: [gap 0x00000000000a0000-0x00000000000effff]
[    0.000000] BIOS-e820: [mem 0x00000000000f0000-0x00000000000fffff]  device reserved
[    0.000000] BIOS-e820: [mem 0x0000000000100000-0x000000001ffdffff]  System RAM
[    0.000000] BIOS-e820: [mem 0x000000001ffe0000-0x000000001fffffff]  device reserved
[    0.000000] BIOS-e820: [gap 0x0000000020000000-0x00000000feffbfff]
[    0.000000] BIOS-e820: [mem 0x00000000feffc000-0x00000000feffffff]  device reserved
[    0.000000] BIOS-e820: [gap 0x00000000ff000000-0x00000000fffbffff]
[    0.000000] BIOS-e820: [mem 0x00000000fffc0000-0x00000000ffffffff]  device reserved
[    0.000000] NX (Execute Disable) protection: active
[    0.000000] APIC: Static calls initialized
[    0.000000] Hypervisor detected: KVM
[    0.000000] last_pfn = 0x1ffe0 max_arch_pfn = 0x400000000
[    0.000000] kvm-clock: Using msrs 4b564d01 and 4b564d00
[    0.000001] kvm-clock: using sched offset of 99140075 cycles
[    0.000002] clocksource: kvm-clock: mask: 0xffffffffffffffff max_cycles: 0x1cd42e4dffb, max_idle_ns: 881590591483 ns
[    0.000005] tsc: Detected 2199.998 MHz processor
[    0.000933] last_pfn = 0x1ffe0 max_arch_pfn = 0x400000000
[    0.000934] x86/PAT: PAT support disabled because CONFIG_X86_PAT is disabled in the kernel.
[    0.000938] x86/PAT: Configuration [0-7]: WB  WT  UC- UC  WB  WT  UC- UC  
[    0.000946] Using GB pages for direct mapping
[    0.001170] RAMDISK: [mem 0x1f488000-0x1ffdffff]
[    0.001172] ACPI: Early table checksum verification disabled
[    0.001175] ACPI: RSDP 0x00000000000F5290 000014 (v00 BOCHS )
[    0.001185] ACPI: RSDT 0x000000001FFE1E38 000034 (v01 BOCHS  BXPC     00000001 BXPC 00000001)
[    0.001192] ACPI: FACP 0x000000001FFE1CCC 000074 (v01 BOCHS  BXPC     00000001 BXPC 00000001)
[    0.001199] ACPI: DSDT 0x000000001FFE0040 001C8C (v01 BOCHS  BXPC     00000001 BXPC 00000001)
[    0.001204] ACPI: FACS 0x000000001FFE0000 000040
[    0.001208] ACPI: APIC 0x000000001FFE1D40 000098 (v03 BOCHS  BXPC     00000001 BXPC 00000001)
[    0.001213] ACPI: HPET 0x000000001FFE1DD8 000038 (v01 BOCHS  BXPC     00000001 BXPC 00000001)
[    0.001217] ACPI: WAET 0x000000001FFE1E10 000028 (v01 BOCHS  BXPC     00000001 BXPC 00000001)
[    0.001221] ACPI: Reserving FACP table memory at [mem 0x1ffe1ccc-0x1ffe1d3f]
[    0.001223] ACPI: Reserving DSDT table memory at [mem 0x1ffe0040-0x1ffe1ccb]
[    0.001224] ACPI: Reserving FACS table memory at [mem 0x1ffe0000-0x1ffe003f]
[    0.001226] ACPI: Reserving APIC table memory at [mem 0x1ffe1d40-0x1ffe1dd7]
[    0.001227] ACPI: Reserving HPET table memory at [mem 0x1ffe1dd8-0x1ffe1e0f]
[    0.001228] ACPI: Reserving WAET table memory at [mem 0x1ffe1e10-0x1ffe1e37]
[    0.001249] No NUMA configuration found
[    0.001251] Faking a node at [mem 0x0000000000000000-0x000000001ffdffff]
[    0.001255] NODE_DATA(0) allocated [mem 0x1f485640-0x1f487fff]
[    0.001275] ACPI: LAPIC_NMI (acpi_id[0xff] dfl dfl lint[0x1])
[    0.001328] IOAPIC[0]: apic_id 0, version 17, address 0xfec00000, GSI 0-23
[    0.001333] ACPI: INT_SRC_OVR (bus 0 bus_irq 0 global_irq 2 dfl dfl)
[    0.001335] ACPI: INT_SRC_OVR (bus 0 bus_irq 5 global_irq 5 high level)
[    0.001337] ACPI: INT_SRC_OVR (bus 0 bus_irq 9 global_irq 9 high level)
[    0.001338] ACPI: INT_SRC_OVR (bus 0 bus_irq 10 global_irq 10 high level)
[    0.001340] ACPI: INT_SRC_OVR (bus 0 bus_irq 11 global_irq 11 high level)
[    0.001346] ACPI: Using ACPI (MADT) for SMP configuration information
[    0.001348] ACPI: HPET id: 0x8086a201 base: 0xfed00000
[    0.001351] TSC deadline timer available
[    0.001356] CPU topo: Max. logical packages:   1
[    0.001357] CPU topo: Max. logical nodes:      1
[    0.001358] CPU topo: Num. nodes per package:  1
[    0.001363] CPU topo: Max. logical dies:       1
[    0.001364] CPU topo: Max. dies per package:   1
[    0.001373] CPU topo: Max. threads per core:   1
[    0.001374] CPU topo: Num. cores per package:     5
[    0.001375] CPU topo: Num. threads per package:   5
[    0.001375] CPU topo: Allowing 5 present CPUs plus 0 hotplug CPUs
[    0.001391] kvm-guest: APIC: eoi() replaced with kvm_guest_apic_eoi_write()
[    0.001402] kvm-guest: KVM setup pv remote TLB flush
[    0.001407] kvm-guest: setup PV sched yield
[    0.001410] [gap 0x20000000-0xfeffbfff] available for PCI devices
[    0.001412] Booting paravirtualized kernel on KVM
[    0.001413] clocksource: refined-jiffies: mask: 0xffffffff max_cycles: 0xffffffff, max_idle_ns: 1910969940391419 ns
[    0.003235] Zone ranges:
[    0.003236]   DMA32    [mem 0x0000000000001000-0x000000001ffdffff]
[    0.003238]   Normal   empty
[    0.003240] Movable zone start for each node
[    0.003241] Early memory node ranges
[    0.003241]   node   0: [mem 0x0000000000001000-0x000000000009efff]
[    0.003243]   node   0: [mem 0x0000000000100000-0x000000001ffdffff]
[    0.003245] Initmem setup node 0 [mem 0x0000000000001000-0x000000001ffdffff]
[    0.003777] On node 0, zone DMA32: 1 pages in unavailable ranges
[    0.006855] On node 0, zone DMA32: 97 pages in unavailable ranges
[    0.006857] On node 0, zone DMA32: 32 pages in unavailable ranges
[    0.006862] setup_percpu: NR_CPUS:64 nr_cpumask_bits:5 nr_cpu_ids:5 nr_node_ids:1
[    0.009422] percpu: Embedded 47 pages/cpu s154584 r8192 d29736 u1048576
[    0.009481] Kernel command line: rw nokaslr loglevel=7 sched_verbose isolcpus=nohz,managed_irq,1-4 irqaffinity=0 rcu_nocbs=1-4 nohz_full=1-4 init=/init panic=-1 console=ttyS0 tsc=nowatchdog -- driver=executor topology=CLS:0/1-2/1-2/3-4/3-4
[    0.009533] Housekeeping: nohz unsupported. Build with CONFIG_NO_HZ_FULL
[    0.009563] Housekeeping: nohz unsupported. Build with CONFIG_NO_HZ_FULL
[    0.009579] Unknown kernel command line parameters "isolcpus=nohz,managed_irq,1-4 rcu_nocbs=1-4 nohz_full=1-4", will be passed to user space.
[    0.009600] random: crng init done
[    0.009601] printk: log buffer data + meta data: 131072 + 458752 = 589824 bytes
[    0.009652] Dentry cache hash table entries: 65536 (order: 7, 524288 bytes, linear)
[    0.009690] Inode-cache hash table entries: 32768 (order: 6, 262144 bytes, linear)
[    0.009796] Fallback order for Node 0: 0 
[    0.009799] Built 1 zonelists, mobility grouping on.  Total pages: 130942
[    0.009801] Policy zone: DMA32
[    0.009802] mem auto-init: stack:all(zero), heap alloc:off, heap free:off
[    0.010814] SLUB: HWalign=64, Order=0-3, MinObjects=0, CPUs=5, Nodes=1
[    0.013932] ftrace: allocating 13835 entries in 55 pages
[    0.013935] ftrace: allocated 55 pages with 5 groups
[    0.014592] rcu: Hierarchical RCU implementation.
[    0.014594] rcu: 	RCU restricting CPUs from NR_CPUS=64 to nr_cpu_ids=5.
[    0.014595] 	Trampoline variant of Tasks RCU enabled.
[    0.014596] 	Rude variant of Tasks RCU enabled.
[    0.014597] 	Tracing variant of Tasks RCU enabled.
[    0.014597] rcu: RCU calculated value of scheduler-enlistment delay is 100 jiffies.
[    0.014598] rcu: Adjusting geometry for rcu_fanout_leaf=16, nr_cpu_ids=5
[    0.014610] RCU Tasks: Setting shift to 3 and lim to 1 rcu_task_cb_adjust=1 rcu_task_cpu_ids=5.
[    0.014613] RCU Tasks Rude: Setting shift to 3 and lim to 1 rcu_task_cb_adjust=1 rcu_task_cpu_ids=5.
[    0.015447] NR_IRQS: 4352, nr_irqs: 80, preallocated irqs: 16
[    0.015652] rcu: srcu_init: Setting srcu_struct sizes based on contention.
[    0.015795] printk: legacy console [ttyS0] enabled
[    0.266693] ACPI: Core revision 20251212
[    0.268360] clocksource: hpet: mask: 0xffffffff max_cycles: 0xffffffff, max_idle_ns: 19112604467 ns
[    0.271741] APIC: Switch to symmetric I/O mode setup
[    0.273600] kvm-guest: APIC: send_IPI_mask() replaced with kvm_send_ipi_mask()
[    0.276232] kvm-guest: APIC: send_IPI_mask_allbutself() replaced with kvm_send_ipi_mask_allbutself()
[    0.279493] kvm-guest: setup PV IPIs
[    0.282555] ..TIMER: vector=0x30 apic1=0 pin1=2 apic2=-1 pin2=-1
[    0.284900] clocksource: tsc-early: mask: 0xffffffffffffffff max_cycles: 0x1fb63109b96, max_idle_ns: 440795265316 ns
[    0.288898] Calibrating delay loop (skipped) preset value.. 4399.99 BogoMIPS (lpj=2199998)
[    0.290114] Last level iTLB entries: 4KB 0, 2MB 0, 4MB 0
[    0.290900] Last level dTLB entries: 4KB 0, 2MB 0, 4MB 0, 1GB 0
[    0.291913] mitigations: Enabled attack vectors: SMT mitigations: off
[    0.292900] Speculative Store Bypass: Vulnerable
[    0.293900] Spectre V2 : Vulnerable
[    0.294900] RETBleed: Vulnerable
[    0.295900] ITS: Vulnerable
[    0.296900] MDS: Vulnerable
[    0.297900] TAA: Vulnerable
[    0.298900] MMIO Stale Data: Vulnerable
[    0.299900] Spectre V1 : Vulnerable: __user pointer sanitization and usercopy barriers only; no swapgs barriers
[    0.300939] x86/fpu: Supporting XSAVE feature 0x001: 'x87 floating point registers'
[    0.301900] x86/fpu: Supporting XSAVE feature 0x002: 'SSE registers'
[    0.302900] x86/fpu: Supporting XSAVE feature 0x004: 'AVX registers'
[    0.303900] x86/fpu: Supporting XSAVE feature 0x008: 'MPX bounds registers'
[    0.304900] x86/fpu: Supporting XSAVE feature 0x010: 'MPX CSR'
[    0.305900] x86/fpu: Supporting XSAVE feature 0x020: 'AVX-512 opmask'
[    0.306900] x86/fpu: Supporting XSAVE feature 0x040: 'AVX-512 Hi256'
[    0.307900] x86/fpu: Supporting XSAVE feature 0x080: 'AVX-512 ZMM_Hi256'
[    0.308900] x86/fpu: xstate_offset[2]:  576, xstate_sizes[2]:  256
[    0.309900] x86/fpu: xstate_offset[3]:  832, xstate_sizes[3]:   64
[    0.310900] x86/fpu: xstate_offset[4]:  896, xstate_sizes[4]:   64
[    0.311900] x86/fpu: xstate_offset[5]:  960, xstate_sizes[5]:   64
[    0.312900] x86/fpu: xstate_offset[6]: 1024, xstate_sizes[6]:  512
[    0.313900] x86/fpu: xstate_offset[7]: 1536, xstate_sizes[7]: 1024
[    0.314900] x86/fpu: Enabled xstate features 0xff, context size is 2560 bytes, using 'compacted' format.
[    0.317502] Freeing SMP alternatives memory: 16K
[    0.317901] pid_max: default: 32768 minimum: 301
[    0.318940] Mount-cache hash table entries: 1024 (order: 1, 8192 bytes, linear)
[    0.319902] Mountpoint-cache hash table entries: 1024 (order: 1, 8192 bytes, linear)
[    0.320949] VFS: Finished mounting rootfs on nullfs
[    0.322167] smpboot: CPU0: Intel(R) Xeon(R) Silver 4114 CPU @ 2.20GHz (family: 0x6, model: 0x55, stepping: 0x4)
[    0.323239] Performance Events: Skylake events, full-width counters, Intel PMU driver.
[    0.323916] ... version:                   2
[    0.324903] ... bit width:                 48
[    0.325903] ... generic counters:          4
[    0.326902] ... generic bitmap:            000000000000000f
[    0.327902] ... fixed-purpose counters:    3
[    0.328903] ... fixed-purpose bitmap:      0000000000000007
[    0.329902] ... value mask:                0000ffffffffffff
[    0.330902] ... max period:                00007fffffffffff
[    0.331902] ... global_ctrl mask:          000000070000000f
[    0.333066] signal: max sigframe size: 3216
[    0.333960] rcu: Hierarchical SRCU implementation.
[    0.334909] rcu: 	Max phase no-delay instances is 400.
[    0.336204] smp: Bringing up secondary CPUs ...
[    0.337094] smpboot: x86: Booting SMP configuration:
[    0.337917] .... node  #0, CPUs:      #1 #2 #3 #4
[    0.342893] smp: Brought up 1 node, 5 CPUs
[    0.343907] smpboot: Total of 5 processors activated (21999.98 BogoMIPS)
[    0.345039] root domain span: 0-4
[    0.345931] Memory: 486380K/523768K available (5264K kernel code, 1001K rwdata, 1340K rodata, 972K init, 284K bss, 34176K reserved, 0K cma-reserved)
[    0.347973] devtmpfs: initialized
[    0.349421] clocksource: jiffies: mask: 0xffffffff max_cycles: 0xffffffff, max_idle_ns: 1911260446275000 ns
[    0.350031] thermal_sys: Registered thermal governor 'step_wise'
[    0.350050] cpuidle: using governor ladder
[    0.351971] kprobes: kprobe jump-optimization is enabled. All kprobes are optimized if possible.
[    0.353669] ACPI: Added _OSI(Module Device)
[    0.353905] ACPI: Added _OSI(Processor Device)
[    0.354903] ACPI: Added _OSI(Processor Aggregator Device)
[    0.355909] ACPI Error: AE_BAD_PARAMETER, During Region initialization (20251212/tbxfload-52)
[    0.356903] ACPI: Unable to load the System Description Tables
[    0.357903] ACPI Error: Could not remove SCI handler (20251212/evmisc-251)
[    0.369083] clocksource: Switched to clocksource kvm-clock
[    0.375530] pnp: PnP ACPI: disabled
[    0.380331] Unpacking initramfs...
[    0.380341] clocksource: tsc: mask: 0xffffffffffffffff max_cycles: 0x1fb63109b96, max_idle_ns: 440795265316 ns
[    0.389884] platform rtc_cmos: registered platform RTC device (no PNP device found)
[    0.392891] Freeing initrd memory: 11616K
[    0.395419] workingset: timestamp_bits=56 max_order=17 bucket_order=0
[    0.399880] Serial: 8250/16550 driver, 4 ports, IRQ sharing disabled
[    0.403169] serial8250: ttyS0 at I/O 0x3f8 (irq = 4, base_baud = 115200) is a 16550A
[    0.406586] serial8250: ttyS1 at I/O 0x2f8 (irq = 3, base_baud = 115200) is a 16550A
[    0.409798] serial8250: ttyS2 at I/O 0x3e8 (irq = 4, base_baud = 115200) is a 16550A
[    0.413030] serial8250: ttyS3 at I/O 0x2e8 (irq = 3, base_baud = 115200) is a 16550A
[    0.416769] IPI shorthand broadcast: enabled
[    0.418957] sched_clock: Marking stable (151127965, 267238060)->(498737300, -80371275)
[    0.423910] Freeing unused kernel image (initmem) memory: 972K
[    0.425498] Write protecting the kernel read-only data: 8192k
[    0.427640] Freeing unused kernel image (text/rodata gap) memory: 876K
[    0.429709] Freeing unused kernel image (rodata/data gap) memory: 708K
[    0.431445] Run /init as init process
Loading kmod.ko with params: driver=executor topology=CLS:0/1-2/1-2/3-4/3-4 isolcpus=nohz,managed_irq,1-4 rcu_nocbs=1-4 nohz_full=1-4 
[    0.473821] kmod: loading out-of-tree module taints kernel.
[    0.477731] kmod: unknown parameter 'isolcpus' ignored
[    0.479099] kmod: unknown parameter 'rcu_nocbs' ignored
[    0.480487] kmod: unknown parameter 'nohz_full' ignored
[    0.482801] [92mStarting executor on Linux 7.0.0-rc7-master[0m
[    0.492703] [92mDisabled workqueue on CPU 1[0m
[    0.494037] [92mDisabled workqueue on CPU 2[0m
[    0.495356] [92mDisabled workqueue on CPU 3[0m
[    0.496667] [92mDisabled workqueue on CPU 4[0m
[    0.498075] [92mMoved kthreads to CPU 0[0m
[    0.499409] [92mWriting /sys/fs/cgroup//cgroup.subtree_control: +cpu +cpuset[0m
[    0.515060] [92mTraced init_tg_cfs_entry with on_sched_group_alloc[0m
[    0.517376] [92mexecutor: applying topology CLS (5 cpulists)
[    0.517376] [0m
[    0.519500] root domain span: 0-4
[    0.520544] executor: custom frequency disabled
[    0.522535] Topology levels:
[    0.523351] - CLS  |    0 |  1-2 |  1-2 |  3-4 |  3-4 | CLUSTER, SHARE_LLC
[    0.525169] - MC   |    0 |  1-4 |  1-4 |  1-4 |  1-4 | SHARE_LLC
[    0.526795] - PKG  |    0 |  1-4 |  1-4 |  1-4 |  1-4 | 
[    0.528221] - NODE |    0 |  1-4 |  1-4 |  1-4 |  1-4 | 
[    0.529629] Sched domains:
[    0.530377] - CLS[1]: mask=1-2, groups={1: 1024, 2: 1024}, flags=BALANCE_NEWIDLE, BALANCE_EXEC, BALANCE_FORK, WAKE_AFFINE, CLUSTER, SHARE_LLC, PREFER_SIBLING
[    0.533996] - CLS[2]: mask=1-2, groups={2: 1024, 1: 1024}, flags=BALANCE_NEWIDLE, BALANCE_EXEC, BALANCE_FORK, WAKE_AFFINE, CLUSTER, SHARE_LLC, PREFER_SIBLING
[    0.537630] - CLS[3]: mask=3-4, groups={3: 1024, 4: 1024}, flags=BALANCE_NEWIDLE, BALANCE_EXEC, BALANCE_FORK, WAKE_AFFINE, CLUSTER, SHARE_LLC, PREFER_SIBLING
[    0.541268] - CLS[4]: mask=3-4, groups={4: 1024, 3: 1024}, flags=BALANCE_NEWIDLE, BALANCE_EXEC, BALANCE_FORK, WAKE_AFFINE, CLUSTER, SHARE_LLC, PREFER_SIBLING
[    0.544930] - MC[1]: mask=1-4, groups={1-2: 2048, 3-4: 2048}, flags=BALANCE_NEWIDLE, BALANCE_EXEC, BALANCE_FORK, WAKE_AFFINE, SHARE_LLC, PREFER_SIBLING
[    0.548417] - MC[2]: mask=1-4, groups={1-2: 2048, 3-4: 2048}, flags=BALANCE_NEWIDLE, BALANCE_EXEC, BALANCE_FORK, WAKE_AFFINE, SHARE_LLC, PREFER_SIBLING
[    0.551898] - MC[3]: mask=1-4, groups={3-4: 2048, 1-2: 2048}, flags=BALANCE_NEWIDLE, BALANCE_EXEC, BALANCE_FORK, WAKE_AFFINE, SHARE_LLC, PREFER_SIBLING
[    0.555384] - MC[4]: mask=1-4, groups={3-4: 2048, 1-2: 2048}, flags=BALANCE_NEWIDLE, BALANCE_EXEC, BALANCE_FORK, WAKE_AFFINE, SHARE_LLC, PREFER_SIBLING
[    0.558872] [92mDisabled timer ticks on CPU 1[0m
[    0.560154] [92mDisabled timer ticks on CPU 2[0m
[    0.561426] [92mDisabled timer ticks on CPU 3[0m
[    0.562696] [92mDisabled timer ticks on CPU 4[0m
[    0.563994] [92mDisabled jiffies update[0m
[   10.000000] [92mMocked sched clock[0m
[   10.000000] [92mDisabled sched feature NI_RANDOM[0m
[   10.000000] [92mReset runqueues state[0m
[   10.000000] [92mReset cpumask[0m
[   10.000000] [92mReset tasks state[0m
[   10.000000] [92mRunning driver executor[0m
[   10.000000] EXECOP: {"op": 0, "a": 0, "b": 0, "c": 0}
[   10.000000] [92mTask created with pid 75[0m
[   10.000000] [92mTask 75 is ready[0m
[   10.000000] [92mPinned task 75 to CPUs 1-4[0m
[   10.000000] Task 0 75: on_cpu=0, state=1, cpu=0, class=0, util_avg=0
[   10.000000] CPU 1: 0, 0, 10000000000, 10000000000, 0
[   10.000000] CPU 2: 0, 0, 10000000000, 10000000000, 0
[   10.000000] CPU 3: 0, 0, 10000000000, 10000000000, 0
[   10.000000] CPU 4: 0, 0, 10000000000, 10000000000, 0
[   10.000000] EXECOP: {"op": 8, "a": 0, "b": 0, "c": 0}
[   10.001000] Task 0 75: on_cpu=0, state=1, cpu=0, class=0, util_avg=0
[   10.001000] CPU 1: 0, 0, 10001000000, 10001000000, 0
[   10.001000] CPU 2: 0, 0, 10001000000, 10001000000, 0
[   10.001000] CPU 3: 0, 0, 10001000000, 10001000000, 0
[   10.001000] CPU 4: 0, 0, 10001000000, 10001000000, 0
[   10.001000] EXECOP: {"op": 8, "a": 0, "b": 0, "c": 0}
[   10.002000] Task 0 75: on_cpu=0, state=1, cpu=0, class=0, util_avg=0
[   10.002000] CPU 1: 0, 0, 10002000000, 10002000000, 0
[   10.002000] CPU 2: 0, 0, 10002000000, 10002000000, 0
[   10.002000] CPU 3: 0, 0, 10002000000, 10002000000, 0
[   10.002000] CPU 4: 0, 0, 10002000000, 10002000000, 0
[   10.002000] EXECOP: {"op": 8, "a": 0, "b": 0, "c": 0}
[   10.003000] Task 0 75: on_cpu=0, state=1, cpu=0, class=0, util_avg=0
[   10.003000] CPU 1: 0, 0, 10003000000, 10003000000, 0
[   10.003000] CPU 2: 0, 0, 10003000000, 10003000000, 0
[   10.003000] CPU 3: 0, 0, 10003000000, 10003000000, 0
[   10.003000] CPU 4: 0, 0, 10003000000, 10003000000, 0
[   10.003000] EXECOP: {"op": 8, "a": 0, "b": 0, "c": 0}
[   10.004000] should balance
[   10.004000] Task 0 75: on_cpu=0, state=1, cpu=0, class=0, util_avg=0
[   10.004000] CPU 1: 0, 0, 10004000000, 10004000000, 0
[   10.004000] CPU 2: 0, 0, 10004000000, 10004000000, 0
[   10.004000] CPU 3: 0, 0, 10004000000, 10004000000, 0
[   10.004000] CPU 4: 0, 0, 10004000000, 10004000000, 0
[   10.004000] EXECOP: {"op": 8, "a": 0, "b": 0, "c": 0}
[   10.005000] Task 0 75: on_cpu=0, state=1, cpu=0, class=0, util_avg=0
[   10.005000] CPU 1: 0, 0, 10005000000, 10005000000, 0
[   10.005000] CPU 2: 0, 0, 10005000000, 10005000000, 0
[   10.005000] CPU 3: 0, 0, 10005000000, 10005000000, 0
[   10.005000] CPU 4: 0, 0, 10005000000, 10005000000, 0
[   10.005000] EXECOP: {"op": 8, "a": 0, "b": 0, "c": 0}
[   10.006000] Task 0 75: on_cpu=0, state=1, cpu=0, class=0, util_avg=0
[   10.006000] CPU 1: 0, 0, 10006000000, 10006000000, 0
[   10.006000] CPU 2: 0, 0, 10006000000, 10006000000, 0
[   10.006000] CPU 3: 0, 0, 10006000000, 10006000000, 0
[   10.006000] CPU 4: 0, 0, 10006000000, 10006000000, 0
[   10.006000] EXECOP: {"op": 0, "a": 1, "b": 0, "c": 0}
[   10.006000] [92mTask created with pid 76[0m
[   10.006000] [92mTask 76 is ready[0m
[   10.006000] [92mPinned task 76 to CPUs 1-4[0m
[   10.006000] Task 0 75: on_cpu=0, state=1, cpu=0, class=0, util_avg=0
[   10.006000] Task 1 76: on_cpu=0, state=1, cpu=0, class=0, util_avg=0
[   10.006000] CPU 1: 0, 0, 10006000000, 10006000000, 0
[   10.006000] CPU 2: 0, 0, 10006000000, 10006000000, 0
[   10.006000] CPU 3: 0, 0, 10006000000, 10006000000, 0
[   10.006000] CPU 4: 0, 0, 10006000000, 10006000000, 0
[   10.006000] EXECOP: {"op": 0, "a": 2, "b": 0, "c": 0}
[   10.006000] [92mTask created with pid 77[0m
[   10.006000] [92mTask 77 is ready[0m
[   10.006000] [92mPinned task 77 to CPUs 1-4[0m
[   10.006000] Task 0 75: on_cpu=0, state=1, cpu=0, class=0, util_avg=0
[   10.006000] Task 1 76: on_cpu=0, state=1, cpu=0, class=0, util_avg=0
[   10.006000] Task 2 77: on_cpu=0, state=1, cpu=0, class=0, util_avg=0
[   10.006000] CPU 1: 0, 0, 10006000000, 10006000000, 0
[   10.006000] CPU 2: 0, 0, 10006000000, 10006000000, 0
[   10.006000] CPU 3: 0, 0, 10006000000, 10006000000, 0
[   10.006000] CPU 4: 0, 0, 10006000000, 10006000000, 0
[   10.006000] EXECOP: {"op": 0, "a": 3, "b": 0, "c": 0}
[   10.006000] [92mTask created with pid 78[0m
[   10.006000] [92mTask 78 is ready[0m
[   10.006000] [92mPinned task 78 to CPUs 1-4[0m
[   10.006000] Task 0 75: on_cpu=0, state=1, cpu=0, class=0, util_avg=0
[   10.006000] Task 1 76: on_cpu=0, state=1, cpu=0, class=0, util_avg=0
[   10.006000] Task 2 77: on_cpu=0, state=1, cpu=0, class=0, util_avg=0
[   10.006000] Task 3 78: on_cpu=0, state=1, cpu=0, class=0, util_avg=0
[   10.006000] CPU 1: 0, 0, 10006000000, 10006000000, 0
[   10.006000] CPU 2: 0, 0, 10006000000, 10006000000, 0
[   10.006000] CPU 3: 0, 0, 10006000000, 10006000000, 0
[   10.006000] CPU 4: 0, 0, 10006000000, 10006000000, 0
[   10.006000] EXECOP: {"op": 6, "a": 2, "b": 0, "c": 0}
[   10.006000] [92mWaked up task 77[0m
[   10.006000] Task 0 75: on_cpu=0, state=1, cpu=0, class=0, util_avg=0
[   10.006000] Task 1 76: on_cpu=0, state=1, cpu=0, class=0, util_avg=0
[   10.006000] Task 2 77: on_cpu=1, state=0, cpu=1, class=0, util_avg=0
[   10.006000] Task 3 78: on_cpu=0, state=1, cpu=0, class=0, util_avg=0
[   10.006000] CPU 1: 0, 0, 10006000000, 10006000000, 0
[   10.006000] CPU 2: 0, 0, 10006000000, 10006000000, 0
[   10.006000] CPU 3: 0, 0, 10006000000, 10006000000, 0
[   10.006000] CPU 4: 0, 0, 10006000000, 10006000000, 0
[   10.006000] EXECOP: {"op": 2, "a": 2, "b": 1, "c": 1}
[   10.006000] [92mPinned task 77 to CPUs 1-1[0m
[   10.006000] Task 0 75: on_cpu=0, state=1, cpu=0, class=0, util_avg=0
[   10.006000] Task 1 76: on_cpu=0, state=1, cpu=0, class=0, util_avg=0
[   10.006000] Task 2 77: on_cpu=1, state=0, cpu=1, class=0, util_avg=0
[   10.006000] Task 3 78: on_cpu=0, state=1, cpu=0, class=0, util_avg=0
[   10.006000] CPU 1: 0, 0, 10006000000, 10006000000, 0
[   10.006000] CPU 2: 0, 0, 10006000000, 10006000000, 0
[   10.006000] CPU 3: 0, 0, 10006000000, 10006000000, 0
[   10.006000] CPU 4: 0, 0, 10006000000, 10006000000, 0
[   10.006000] EXECOP: {"op": 8, "a": 0, "b": 0, "c": 0}
[   10.007000] Task 0 75: on_cpu=0, state=1, cpu=0, class=0, util_avg=0
[   10.007000] Task 1 76: on_cpu=0, state=1, cpu=0, class=0, util_avg=0
[   10.007000] Task 2 77: on_cpu=1, state=0, cpu=1, class=0, util_avg=20
[   10.007000] Task 3 78: on_cpu=0, state=1, cpu=0, class=0, util_avg=0
[   10.007000] CPU 1: 20, 0, 10007000000, 10007000000, 0
[   10.007000] CPU 2: 0, 0, 10007000000, 10007000000, 0
[   10.007000] CPU 3: 0, 0, 10007000000, 10007000000, 0
[   10.007000] CPU 4: 0, 0, 10007000000, 10007000000, 0
[   10.007000] EXECOP: {"op": 8, "a": 0, "b": 0, "c": 0}
[   10.008000] Task 0 75: on_cpu=0, state=1, cpu=0, class=0, util_avg=0
[   10.008000] Task 1 76: on_cpu=0, state=1, cpu=0, class=0, util_avg=0
[   10.008000] Task 2 77: on_cpu=1, state=0, cpu=1, class=0, util_avg=41
[   10.008000] Task 3 78: on_cpu=0, state=1, cpu=0, class=0, util_avg=0
[   10.008000] CPU 1: 41, 0, 10008000000, 10008000000, 0
[   10.008000] CPU 2: 0, 0, 10008000000, 10008000000, 0
[   10.008000] CPU 3: 0, 0, 10008000000, 10008000000, 0
[   10.008000] CPU 4: 0, 0, 10008000000, 10008000000, 0
[   10.008000] EXECOP: {"op": 6, "a": 0, "b": 0, "c": 0}
[   10.008000] [92mWaked up task 75[0m
[   10.008000] Task 0 75: on_cpu=0, state=0, cpu=1, class=0, util_avg=0
[   10.008000] Task 1 76: on_cpu=0, state=1, cpu=0, class=0, util_avg=0
[   10.008000] Task 2 77: on_cpu=1, state=0, cpu=1, class=0, util_avg=41
[   10.008000] Task 3 78: on_cpu=0, state=1, cpu=0, class=0, util_avg=0
[   10.008000] CPU 1: 41, 0, 10008000000, 10008000000, 0
[   10.008000] CPU 2: 0, 0, 10008000000, 10008000000, 0
[   10.008000] CPU 3: 0, 0, 10008000000, 10008000000, 0
[   10.008000] CPU 4: 0, 0, 10008000000, 10008000000, 0
[   10.008000] EXECOP: {"op": 8, "a": 0, "b": 0, "c": 0}
[   10.009000] Task 0 75: on_cpu=1, state=0, cpu=1, class=0, util_avg=0
[   10.009000] Task 1 76: on_cpu=0, state=1, cpu=0, class=0, util_avg=0
[   10.009000] Task 2 77: on_cpu=0, state=0, cpu=1, class=0, util_avg=61
[   10.009000] Task 3 78: on_cpu=0, state=1, cpu=0, class=0, util_avg=0
[   10.009000] CPU 1: 61, 0, 10009000000, 10009000000, 0
[   10.009000] CPU 2: 0, 0, 10009000000, 10009000000, 0
[   10.009000] CPU 3: 0, 0, 10009000000, 10009000000, 0
[   10.009000] CPU 4: 0, 0, 10009000000, 10009000000, 0
[   10.009000] EXECOP: {"op": 8, "a": 0, "b": 0, "c": 0}
[   10.010000] Task 0 75: on_cpu=1, state=0, cpu=1, class=0, util_avg=20
[   10.010000] Task 1 76: on_cpu=0, state=1, cpu=0, class=0, util_avg=0
[   10.010000] Task 2 77: on_cpu=0, state=0, cpu=1, class=0, util_avg=61
[   10.010000] Task 3 78: on_cpu=0, state=1, cpu=0, class=0, util_avg=0
[   10.010000] CPU 1: 81, 0, 10010000000, 10010000000, 0
[   10.010000] CPU 2: 0, 0, 10010000000, 10010000000, 0
[   10.010000] CPU 3: 0, 0, 10010000000, 10010000000, 0
[   10.010000] CPU 4: 0, 0, 10010000000, 10010000000, 0
[   10.010000] EXECOP: {"op": 8, "a": 0, "b": 0, "c": 0}
[   10.011000] Task 0 75: on_cpu=1, state=0, cpu=1, class=0, util_avg=41
[   10.011000] Task 1 76: on_cpu=0, state=1, cpu=0, class=0, util_avg=0
[   10.011000] Task 2 77: on_cpu=0, state=0, cpu=1, class=0, util_avg=61
[   10.011000] Task 3 78: on_cpu=0, state=1, cpu=0, class=0, util_avg=0
[   10.011000] CPU 1: 100, 0, 10011000000, 10011000000, 0
[   10.011000] CPU 2: 0, 0, 10011000000, 10011000000, 0
[   10.011000] CPU 3: 0, 0, 10011000000, 10011000000, 0
[   10.011000] CPU 4: 0, 0, 10011000000, 10011000000, 0
[   10.011000] EXECOP: {"op": 8, "a": 0, "b": 0, "c": 0}
[   10.012000] should balance
[   10.012000] found group
[   10.012000] found target cpu 1
[   10.012000] Task 0 75: on_cpu=0, state=0, cpu=1, class=0, util_avg=61
[   10.012000] Task 1 76: on_cpu=0, state=1, cpu=0, class=0, util_avg=0
[   10.012000] Task 2 77: on_cpu=1, state=0, cpu=1, class=0, util_avg=57
[   10.012000] Task 3 78: on_cpu=0, state=1, cpu=0, class=0, util_avg=0
[   10.012000] CPU 1: 119, 0, 10012000000, 10012000000, 0
[   10.012000] CPU 2: 0, 0, 10012000000, 10012000000, 0
[   10.012000] CPU 3: 0, 0, 10012000000, 10012000000, 0
[   10.012000] CPU 4: 0, 0, 10012000000, 10012000000, 0
[   10.012000] EXECOP: {"op": 8, "a": 0, "b": 0, "c": 0}
[   10.013000] Task 0 75: on_cpu=0, state=0, cpu=1, class=0, util_avg=61
[   10.013000] Task 1 76: on_cpu=0, state=1, cpu=0, class=0, util_avg=0
[   10.013000] Task 2 77: on_cpu=1, state=0, cpu=1, class=0, util_avg=77
[   10.013000] Task 3 78: on_cpu=0, state=1, cpu=0, class=0, util_avg=0
[   10.013000] CPU 1: 137, 0, 10013000000, 10013000000, 0
[   10.013000] CPU 2: 0, 0, 10013000000, 10013000000, 0
[   10.013000] CPU 3: 0, 0, 10013000000, 10013000000, 0
[   10.013000] CPU 4: 0, 0, 10013000000, 10013000000, 0
[   10.013000] EXECOP: {"op": 8, "a": 0, "b": 0, "c": 0}
[   10.014000] Task 0 75: on_cpu=1, state=0, cpu=2, class=0, util_avg=59
[   10.014000] Task 1 76: on_cpu=0, state=1, cpu=0, class=0, util_avg=0
[   10.014000] Task 2 77: on_cpu=1, state=0, cpu=1, class=0, util_avg=96
[   10.014000] Task 3 78: on_cpu=0, state=1, cpu=0, class=0, util_avg=0
[   10.014000] CPU 1: 96, 0, 10014000000, 10014000000, 0
[   10.014000] CPU 2: 59, 0, 10014000000, 10014000000, 0
[   10.014000] CPU 3: 0, 0, 10014000000, 10014000000, 0
[   10.014000] CPU 4: 0, 0, 10014000000, 10014000000, 0
[   10.014000] EXECOP: {"op": 8, "a": 0, "b": 0, "c": 0}
[   10.015000] Task 0 75: on_cpu=1, state=0, cpu=2, class=0, util_avg=78
[   10.015000] Task 1 76: on_cpu=0, state=1, cpu=0, class=0, util_avg=0
[   10.015000] Task 2 77: on_cpu=1, state=0, cpu=1, class=0, util_avg=115
[   10.015000] Task 3 78: on_cpu=0, state=1, cpu=0, class=0, util_avg=0
[   10.015000] CPU 1: 115, 0, 10015000000, 10015000000, 0
[   10.015000] CPU 2: 78, 0, 10015000000, 10015000000, 0
[   10.015000] CPU 3: 0, 0, 10015000000, 10015000000, 0
[   10.015000] CPU 4: 0, 0, 10015000000, 10015000000, 0
[   10.015000] EXECOP: {"op": 8, "a": 0, "b": 0, "c": 0}
[   10.016000] should balance
[   10.016000] found group
[   10.016000] found target cpu 1
[   10.016000] Task 0 75: on_cpu=1, state=0, cpu=2, class=0, util_avg=98
[   10.016000] Task 1 76: on_cpu=0, state=1, cpu=0, class=0, util_avg=0
[   10.016000] Task 2 77: on_cpu=1, state=0, cpu=1, class=0, util_avg=134
[   10.016000] Task 3 78: on_cpu=0, state=1, cpu=0, class=0, util_avg=0
[   10.016000] CPU 1: 134, 0, 10016000000, 10016000000, 0
[   10.016000] CPU 2: 98, 0, 10016000000, 10016000000, 0
[   10.016000] CPU 3: 0, 0, 10016000000, 10016000000, 0
[   10.016000] CPU 4: 0, 0, 10016000000, 10016000000, 0
[   10.016000] EXECOP: {"op": 8, "a": 0, "b": 0, "c": 0}
[   10.017000] Task 0 75: on_cpu=1, state=0, cpu=2, class=0, util_avg=116
[   10.017000] Task 1 76: on_cpu=0, state=1, cpu=0, class=0, util_avg=0
[   10.017000] Task 2 77: on_cpu=1, state=0, cpu=1, class=0, util_avg=152
[   10.017000] Task 3 78: on_cpu=0, state=1, cpu=0, class=0, util_avg=0
[   10.017000] CPU 1: 152, 0, 10017000000, 10017000000, 0
[   10.017000] CPU 2: 116, 0, 10017000000, 10017000000, 0
[   10.017000] CPU 3: 0, 0, 10017000000, 10017000000, 0
[   10.017000] CPU 4: 0, 0, 10017000000, 10017000000, 0
[   10.017000] EXECOP: {"op": 6, "a": 3, "b": 0, "c": 0}
[   10.017000] [92mWaked up task 78[0m
[   10.017000] Task 0 75: on_cpu=1, state=0, cpu=2, class=0, util_avg=116
[   10.017000] Task 1 76: on_cpu=0, state=1, cpu=0, class=0, util_avg=0
[   10.017000] Task 2 77: on_cpu=1, state=0, cpu=1, class=0, util_avg=152
[   10.017000] Task 3 78: on_cpu=0, state=0, cpu=1, class=0, util_avg=0
[   10.017000] CPU 1: 152, 0, 10017000000, 10017000000, 0
[   10.017000] CPU 2: 116, 0, 10017000000, 10017000000, 0
[   10.017000] CPU 3: 0, 0, 10017000000, 10017000000, 0
[   10.017000] CPU 4: 0, 0, 10017000000, 10017000000, 0
[   10.017000] EXECOP: {"op": 6, "a": 1, "b": 0, "c": 0}
[   10.017000] [92mWaked up task 76[0m
[   10.017000] Task 0 75: on_cpu=1, state=0, cpu=2, class=0, util_avg=116
[   10.017000] Task 1 76: on_cpu=0, state=0, cpu=1, class=0, util_avg=0
[   10.017000] Task 2 77: on_cpu=1, state=0, cpu=1, class=0, util_avg=152
[   10.017000] Task 3 78: on_cpu=0, state=0, cpu=1, class=0, util_avg=0
[   10.017000] CPU 1: 152, 0, 10017000000, 10017000000, 0
[   10.017000] CPU 2: 116, 0, 10017000000, 10017000000, 0
[   10.017000] CPU 3: 0, 0, 10017000000, 10017000000, 0
[   10.017000] CPU 4: 0, 0, 10017000000, 10017000000, 0
[   10.017000] EXECOP: {"op": 2, "a": 2, "b": 1, "c": 4}
[   10.017000] [92mPinned task 77 to CPUs 1-4[0m
[   10.017000] Task 0 75: on_cpu=1, state=0, cpu=2, class=0, util_avg=116
[   10.017000] Task 1 76: on_cpu=0, state=0, cpu=1, class=0, util_avg=0
[   10.017000] Task 2 77: on_cpu=1, state=0, cpu=1, class=0, util_avg=152
[   10.017000] Task 3 78: on_cpu=0, state=0, cpu=1, class=0, util_avg=0
[   10.017000] CPU 1: 152, 0, 10017000000, 10017000000, 0
[   10.017000] CPU 2: 116, 0, 10017000000, 10017000000, 0
[   10.017000] CPU 3: 0, 0, 10017000000, 10017000000, 0
[   10.017000] CPU 4: 0, 0, 10017000000, 10017000000, 0
[   10.017000] EXECOP: {"op": 8, "a": 0, "b": 0, "c": 0}
[   10.018000] Task 0 75: on_cpu=1, state=0, cpu=2, class=0, util_avg=135
[   10.018000] Task 1 76: on_cpu=0, state=0, cpu=1, class=0, util_avg=0
[   10.018000] Task 2 77: on_cpu=0, state=0, cpu=1, class=0, util_avg=170
[   10.018000] Task 3 78: on_cpu=1, state=0, cpu=1, class=0, util_avg=0
[   10.018000] CPU 1: 170, 0, 10018000000, 10018000000, 0
[   10.018000] CPU 2: 135, 0, 10018000000, 10018000000, 0
[   10.018000] CPU 3: 0, 0, 10018000000, 10018000000, 0
[   10.018000] CPU 4: 0, 0, 10018000000, 10018000000, 0
[   10.018000] EXECOP: {"op": 8, "a": 0, "b": 0, "c": 0}
[   10.019000] Task 0 75: on_cpu=1, state=0, cpu=2, class=0, util_avg=153
[   10.019000] Task 1 76: on_cpu=0, state=0, cpu=1, class=0, util_avg=0
[   10.019000] Task 2 77: on_cpu=0, state=0, cpu=1, class=0, util_avg=170
[   10.019000] Task 3 78: on_cpu=1, state=0, cpu=1, class=0, util_avg=20
[   10.019000] CPU 1: 187, 0, 10019000000, 10019000000, 0
[   10.019000] CPU 2: 153, 0, 10019000000, 10019000000, 0
[   10.019000] CPU 3: 0, 0, 10019000000, 10019000000, 0
[   10.019000] CPU 4: 0, 0, 10019000000, 10019000000, 0
[   10.019000] EXECOP: {"op": 8, "a": 0, "b": 0, "c": 0}
[   10.020000] should balance
[   10.020000] found group
[   10.020000] found target cpu 1
[   10.020000] Task 0 75: on_cpu=1, state=0, cpu=2, class=0, util_avg=171
[   10.020000] Task 1 76: on_cpu=1, state=0, cpu=3, class=0, util_avg=0
[   10.020000] Task 2 77: on_cpu=1, state=0, cpu=4, class=0, util_avg=163
[   10.020000] Task 3 78: on_cpu=1, state=0, cpu=1, class=0, util_avg=41
[   10.020000] CPU 1: 42, 0, 10020000000, 10020000000, 0
[   10.020000] CPU 2: 171, 0, 10020000000, 10020000000, 0
[   10.020000] CPU 3: 0, 0, 10020000000, 10020000000, 0
[   10.020000] CPU 4: 163, 0, 10020000000, 10020000000, 0
[   10.020000] EXECOP: {"op": 8, "a": 0, "b": 0, "c": 0}
[   10.021000] Task 0 75: on_cpu=1, state=0, cpu=2, class=0, util_avg=188
[   10.021000] Task 1 76: on_cpu=1, state=0, cpu=3, class=0, util_avg=20
[   10.021000] Task 2 77: on_cpu=1, state=0, cpu=4, class=0, util_avg=180
[   10.021000] Task 3 78: on_cpu=1, state=0, cpu=1, class=0, util_avg=61
[   10.021000] CPU 1: 61, 0, 10021000000, 10021000000, 0
[   10.021000] CPU 2: 188, 0, 10021000000, 10021000000, 0
[   10.021000] CPU 3: 20, 0, 10021000000, 10021000000, 0
[   10.021000] CPU 4: 180, 0, 10021000000, 10021000000, 0
[   10.021000] EXECOP: {"op": 8, "a": 0, "b": 0, "c": 0}
[   10.022000] Task 0 75: on_cpu=1, state=0, cpu=2, class=0, util_avg=188
[   10.022000] Task 1 76: on_cpu=1, state=0, cpu=3, class=0, util_avg=20
[   10.022000] Task 2 77: on_cpu=1, state=0, cpu=4, class=0, util_avg=180
[   10.022000] Task 3 78: on_cpu=1, state=0, cpu=1, class=0, util_avg=61
[   10.022000] CPU 1: 61, 0, 10022000000, 10022000000, 0
[   10.022000] CPU 2: 188, 0, 10022000000, 10022000000, 0
[   10.022000] CPU 3: 20, 0, 10022000000, 10022000000, 0
[   10.022000] CPU 4: 180, 0, 10022000000, 10022000000, 0
[   10.022000] EXECOP: {"op": 5, "a": 1, "b": 0, "c": 0}
[   10.022000] should balance
[   10.022000] found group
[   10.022000] found target cpu 1
[   10.022000] [92mPaused task 76[0m
[   10.022000] Task 0 75: on_cpu=1, state=0, cpu=2, class=0, util_avg=188
[   10.022000] Task 1 76: on_cpu=0, state=1, cpu=3, class=0, util_avg=20
[   10.022000] Task 2 77: on_cpu=1, state=0, cpu=4, class=0, util_avg=180
[   10.022000] Task 3 78: on_cpu=1, state=0, cpu=1, class=0, util_avg=61
[   10.022000] CPU 1: 61, 0, 10022000000, 10022000000, 0
[   10.022000] CPU 2: 188, 0, 10022000000, 10022000000, 0
[   10.022000] CPU 3: 20, 0, 10022000000, 10022000000, 0
[   10.022000] CPU 4: 180, 0, 10022000000, 10022000000, 0
[   10.022000] EXECOP: {"op": 8, "a": 0, "b": 0, "c": 0}
[   10.023000] Task 0 75: on_cpu=1, state=0, cpu=2, class=0, util_avg=222
[   10.023000] Task 1 76: on_cpu=0, state=1, cpu=3, class=0, util_avg=20
[   10.023000] Task 2 77: on_cpu=1, state=0, cpu=4, class=0, util_avg=214
[   10.023000] Task 3 78: on_cpu=1, state=0, cpu=1, class=0, util_avg=100
[   10.023000] CPU 1: 100, 0, 10023000000, 10023000000, 0
[   10.023000] CPU 2: 222, 0, 10023000000, 10023000000, 0
[   10.023000] CPU 3: 40, 0, 10023000000, 10023000000, 0
[   10.023000] CPU 4: 214, 0, 10023000000, 10023000000, 0
[   10.023000] EXECOP: {"op": 8, "a": 0, "b": 0, "c": 0}
[   10.024000] should balance
[   10.024000] found group
[   10.024000] found target cpu 1
[   10.024000] Task 0 75: on_cpu=1, state=0, cpu=2, class=0, util_avg=239
[   10.024000] Task 1 76: on_cpu=0, state=1, cpu=3, class=0, util_avg=20
[   10.024000] Task 2 77: on_cpu=1, state=0, cpu=4, class=0, util_avg=231
[   10.024000] Task 3 78: on_cpu=1, state=0, cpu=1, class=0, util_avg=119
[   10.024000] CPU 1: 119, 0, 10024000000, 10024000000, 0
[   10.024000] CPU 2: 239, 0, 10024000000, 10024000000, 0
[   10.024000] CPU 3: 39, 0, 10024000000, 10024000000, 0
[   10.024000] CPU 4: 231, 0, 10024000000, 10024000000, 0
[   10.024000] EXECOP: {"op": 8, "a": 0, "b": 0, "c": 0}
[   10.025000] Task 0 75: on_cpu=1, state=0, cpu=2, class=0, util_avg=255
[   10.025000] Task 1 76: on_cpu=0, state=1, cpu=3, class=0, util_avg=20
[   10.025000] Task 2 77: on_cpu=1, state=0, cpu=4, class=0, util_avg=247
[   10.025000] Task 3 78: on_cpu=1, state=0, cpu=1, class=0, util_avg=137
[   10.025000] CPU 1: 138, 0, 10025000000, 10025000000, 0
[   10.025000] CPU 2: 255, 0, 10025000000, 10025000000, 0
[   10.025000] CPU 3: 39, 0, 10025000000, 10025000000, 0
[   10.025000] CPU 4: 247, 0, 10025000000, 10025000000, 0
[   10.025000] EXECOP: {"op": 8, "a": 0, "b": 0, "c": 0}
[   10.026000] Task 0 75: on_cpu=1, state=0, cpu=2, class=0, util_avg=270
[   10.026000] Task 1 76: on_cpu=0, state=1, cpu=3, class=0, util_avg=20
[   10.026000] Task 2 77: on_cpu=1, state=0, cpu=4, class=0, util_avg=263
[   10.026000] Task 3 78: on_cpu=1, state=0, cpu=1, class=0, util_avg=156
[   10.026000] CPU 1: 156, 0, 10026000000, 10026000000, 0
[   10.026000] CPU 2: 270, 0, 10026000000, 10026000000, 0
[   10.026000] CPU 3: 39, 0, 10026000000, 10026000000, 0
[   10.026000] CPU 4: 263, 0, 10026000000, 10026000000, 0
[   10.026000] EXECOP: {"op": 8, "a": 0, "b": 0, "c": 0}
[   10.027000] Task 0 75: on_cpu=1, state=0, cpu=2, class=0, util_avg=286
[   10.027000] Task 1 76: on_cpu=0, state=1, cpu=3, class=0, util_avg=20
[   10.027000] Task 2 77: on_cpu=1, state=0, cpu=4, class=0, util_avg=279
[   10.027000] Task 3 78: on_cpu=1, state=0, cpu=1, class=0, util_avg=173
[   10.027000] CPU 1: 174, 0, 10027000000, 10027000000, 0
[   10.027000] CPU 2: 286, 0, 10027000000, 10027000000, 0
[   10.027000] CPU 3: 37, 0, 10027000000, 10027000000, 0
[   10.027000] CPU 4: 279, 0, 10027000000, 10027000000, 0
[   10.027000] EXECOP: {"op": 8, "a": 0, "b": 0, "c": 0}
[   10.028000] should balance
[   10.028000] found group
[   10.028000] found target cpu 1
[   10.028000] Task 0 75: on_cpu=1, state=0, cpu=2, class=0, util_avg=301
[   10.028000] Task 1 76: on_cpu=0, state=1, cpu=3, class=0, util_avg=20
[   10.028000] Task 2 77: on_cpu=1, state=0, cpu=4, class=0, util_avg=294
[   10.028000] Task 3 78: on_cpu=1, state=0, cpu=1, class=0, util_avg=191
[   10.028000] CPU 1: 191, 0, 10028000000, 10028000000, 0
[   10.028000] CPU 2: 301, 0, 10028000000, 10028000000, 0
[   10.028000] CPU 3: 36, 0, 10028000000, 10028000000, 0
[   10.028000] CPU 4: 294, 0, 10028000000, 10028000000, 0
[   10.028000] EXECOP: {"op": 8, "a": 0, "b": 0, "c": 0}
[   10.029000] Task 0 75: on_cpu=1, state=0, cpu=2, class=0, util_avg=316
[   10.029000] Task 1 76: on_cpu=0, state=1, cpu=3, class=0, util_avg=20
[   10.029000] Task 2 77: on_cpu=1, state=0, cpu=4, class=0, util_avg=309
[   10.029000] Task 3 78: on_cpu=1, state=0, cpu=1, class=0, util_avg=208
[   10.029000] CPU 1: 208, 0, 10029000000, 10029000000, 0
[   10.029000] CPU 2: 316, 0, 10029000000, 10029000000, 0
[   10.029000] CPU 3: 36, 0, 10029000000, 10029000000, 0
[   10.029000] CPU 4: 309, 0, 10029000000, 10029000000, 0
[   10.029000] EXECOP: {"op": 8, "a": 0, "b": 0, "c": 0}
[   10.030000] Task 0 75: on_cpu=1, state=0, cpu=2, class=0, util_avg=330
[   10.030000] Task 1 76: on_cpu=0, state=1, cpu=3, class=0, util_avg=20
[   10.030000] Task 2 77: on_cpu=1, state=0, cpu=4, class=0, util_avg=323
[   10.030000] Task 3 78: on_cpu=1, state=0, cpu=1, class=0, util_avg=224
[   10.030000] CPU 1: 225, 0, 10030000000, 10030000000, 0
[   10.030000] CPU 2: 330, 0, 10030000000, 10030000000, 0
[   10.030000] CPU 3: 36, 0, 10030000000, 10030000000, 0
[   10.030000] CPU 4: 323, 0, 10030000000, 10030000000, 0
[   10.030000] EXECOP: {"op": 8, "a": 0, "b": 0, "c": 0}
[   10.031000] Task 0 75: on_cpu=1, state=0, cpu=2, class=0, util_avg=344
[   10.031000] Task 1 76: on_cpu=0, state=1, cpu=3, class=0, util_avg=20
[   10.031000] Task 2 77: on_cpu=1, state=0, cpu=4, class=0, util_avg=338
[   10.031000] Task 3 78: on_cpu=1, state=0, cpu=1, class=0, util_avg=241
[   10.031000] CPU 1: 241, 0, 10031000000, 10031000000, 0
[   10.031000] CPU 2: 344, 0, 10031000000, 10031000000, 0
[   10.031000] CPU 3: 34, 0, 10031000000, 10031000000, 0
[   10.031000] CPU 4: 338, 0, 10031000000, 10031000000, 0
[   10.031000] EXECOP: {"op": 3, "a": 2, "b": 0, "c": 0}
[   10.031000] [92mWriting /sys/fs/cgroup//cgroup.procs: 77[0m
[   10.031000] [92mPinned task 77 to CPUs 1-4[0m
[   10.031000] [92mSet task 77 to FIFO[0m
[   10.031000] Task 0 75: on_cpu=1, state=0, cpu=2, class=0, util_avg=344
[   10.031000] Task 1 76: on_cpu=0, state=1, cpu=3, class=0, util_avg=20
[   10.031000] Task 2 77: on_cpu=1, state=0, cpu=4, class=1, util_avg=338
[   10.031000] Task 3 78: on_cpu=1, state=0, cpu=1, class=0, util_avg=241
[   10.031000] CPU 1: 241, 0, 10031000000, 10031000000, 0
[   10.031000] CPU 2: 344, 0, 10031000000, 10031000000, 0
[   10.031000] CPU 3: 34, 0, 10031000000, 10031000000, 0
[   10.031000] CPU 4: 0, 0, 10031000000, 10031000000, 0
[   10.031000] EXECOP: {"op": 6, "a": 1, "b": 0, "c": 0}
[   10.031000] [92mWaked up task 76[0m
[   10.031000] Task 0 75: on_cpu=1, state=0, cpu=2, class=0, util_avg=344
[   10.031000] Task 1 76: on_cpu=1, state=0, cpu=3, class=0, util_avg=34
[   10.031000] Task 2 77: on_cpu=1, state=0, cpu=4, class=1, util_avg=338
[   10.031000] Task 3 78: on_cpu=1, state=0, cpu=1, class=0, util_avg=241
[   10.031000] CPU 1: 241, 0, 10031000000, 10031000000, 0
[   10.031000] CPU 2: 344, 0, 10031000000, 10031000000, 0
[   10.031000] CPU 3: 34, 0, 10031000000, 10031000000, 0
[   10.031000] CPU 4: 0, 0, 10031000000, 10031000000, 0
[   10.031000] EXECOP: {"op": 10, "a": -1, "b": 0, "c": 0}
[   10.031000] [92mSet min vruntime to 10000000000 ns on cpu 0[0m
[   10.031000] [92mSet min vruntime to 10000000000 ns on cpu 1[0m
[   10.031000] [92mSet min vruntime to 10000000000 ns on cpu 2[0m
[   10.031000] [92mSet min vruntime to 10000000000 ns on cpu 3[0m
[   10.031000] [92mSet min vruntime to 10000000000 ns on cpu 4[0m
[   10.031000] [92mCreated directory /sys/fs/cgroup/cg0[0m
[   10.031000] [92mWriting /sys/fs/cgroup/cg0/cgroup.subtree_control: +cpu +cpuset[0m
[   10.031000] [92mWriting /sys/fs/cgroup/cg0/cpuset.cpus: 1-4[0m
[   10.031000] Task 0 75: on_cpu=1, state=0, cpu=2, class=0, util_avg=344
[   10.031000] Task 1 76: on_cpu=1, state=0, cpu=3, class=0, util_avg=34
[   10.031000] Task 2 77: on_cpu=1, state=0, cpu=4, class=1, util_avg=338
[   10.031000] Task 3 78: on_cpu=1, state=0, cpu=1, class=0, util_avg=241
[   10.031000] CPU 1: 241, 0, 10031000000, 10031000000, 0
[   10.031000] CPU 2: 344, 0, 10031000000, 10031000000, 0
[   10.031000] CPU 3: 34, 0, 10031000000, 10031000000, 0
[   10.031000] CPU 4: 0, 0, 10031000000, 10031000000, 0
[   10.031000] EXECOP: {"op": 11, "a": 0, "b": 2, "c": 2}
[   10.031000] [92mWriting /sys/fs/cgroup/cg0/cpuset.cpus: 2-2[0m
[   10.031000] Task 0 75: on_cpu=1, state=0, cpu=2, class=0, util_avg=344
[   10.031000] Task 1 76: on_cpu=1, state=0, cpu=3, class=0, util_avg=34
[   10.031000] Task 2 77: on_cpu=1, state=0, cpu=4, class=1, util_avg=338
[   10.031000] Task 3 78: on_cpu=1, state=0, cpu=1, class=0, util_avg=241
[   10.031000] CPU 1: 241, 0, 10031000000, 10031000000, 0
[   10.031000] CPU 2: 344, 0, 10031000000, 10031000000, 0
[   10.031000] CPU 3: 34, 0, 10031000000, 10031000000, 0
[   10.031000] CPU 4: 0, 0, 10031000000, 10031000000, 0
[   10.031000] EXECOP: {"op": 3, "a": 0, "b": 0, "c": 0}
[   10.031000] [92mWriting /sys/fs/cgroup//cgroup.procs: 75[0m
[   10.031000] [92mPinned task 75 to CPUs 1-4[0m
[   10.031000] [92mSet task 75 to FIFO[0m
[   10.031000] Task 0 75: on_cpu=1, state=0, cpu=2, class=1, util_avg=344
[   10.031000] Task 1 76: on_cpu=1, state=0, cpu=3, class=0, util_avg=34
[   10.031000] Task 2 77: on_cpu=1, state=0, cpu=4, class=1, util_avg=338
[   10.031000] Task 3 78: on_cpu=1, state=0, cpu=1, class=0, util_avg=241
[   10.031000] CPU 1: 241, 0, 10031000000, 10031000000, 0
[   10.031000] CPU 2: 0, 0, 10031000000, 10031000000, 0
[   10.031000] CPU 3: 34, 0, 10031000000, 10031000000, 0
[   10.031000] CPU 4: 0, 0, 10031000000, 10031000000, 0
[   10.031000] EXECOP: {"op": 0, "a": 4, "b": 0, "c": 0}
[   10.031000] [92mTask created with pid 79[0m
[   10.031000] [92mTask 79 is ready[0m
[   10.031000] [92mPinned task 79 to CPUs 1-4[0m
[   10.031000] Task 0 75: on_cpu=1, state=0, cpu=2, class=1, util_avg=344
[   10.031000] Task 1 76: on_cpu=1, state=0, cpu=3, class=0, util_avg=34
[   10.031000] Task 2 77: on_cpu=1, state=0, cpu=4, class=1, util_avg=338
[   10.031000] Task 3 78: on_cpu=1, state=0, cpu=1, class=0, util_avg=241
[   10.031000] Task 4 79: on_cpu=0, state=1, cpu=0, class=0, util_avg=0
[   10.031000] CPU 1: 241, 0, 10031000000, 10031000000, 0
[   10.031000] CPU 2: 0, 0, 10031000000, 10031000000, 0
[   10.031000] CPU 3: 34, 0, 10031000000, 10031000000, 0
[   10.031000] CPU 4: 0, 0, 10031000000, 10031000000, 0
[   10.031000] EXECOP: {"op": 13, "a": 0, "b": 4, "c": 0}
[   10.031000] [92mWriting /sys/fs/cgroup/cg0/cgroup.procs: 79[0m
[   10.031000] Task 0 75: on_cpu=1, state=0, cpu=2, class=1, util_avg=344
[   10.031000] Task 1 76: on_cpu=1, state=0, cpu=3, class=0, util_avg=34
[   10.031000] Task 2 77: on_cpu=1, state=0, cpu=4, class=1, util_avg=338
[   10.031000] Task 3 78: on_cpu=1, state=0, cpu=1, class=0, util_avg=241
[   10.031000] Task 4 79: on_cpu=0, state=1, cpu=0, class=0, util_avg=0
[   10.031000] CPU 1: 241, 0, 10031000000, 10031000000, 0
[   10.031000] CPU 2: 0, 0, 10031000000, 10031000000, 0
[   10.031000] CPU 3: 34, 0, 10031000000, 10031000000, 0
[   10.031000] CPU 4: 0, 0, 10031000000, 10031000000, 0
[   10.031000] EXECOP: {"op": 3, "a": 1, "b": 0, "c": 0}
[   10.031000] [92mWriting /sys/fs/cgroup//cgroup.procs: 76[0m
[   10.031000] [92mPinned task 76 to CPUs 1-4[0m
[   10.031000] [92mSet task 76 to FIFO[0m
[   10.031000] Task 0 75: on_cpu=1, state=0, cpu=2, class=1, util_avg=344
[   10.031000] Task 1 76: on_cpu=1, state=0, cpu=3, class=1, util_avg=34
[   10.031000] Task 2 77: on_cpu=1, state=0, cpu=4, class=1, util_avg=338
[   10.031000] Task 3 78: on_cpu=1, state=0, cpu=1, class=0, util_avg=241
[   10.031000] Task 4 79: on_cpu=0, state=1, cpu=0, class=0, util_avg=0
[   10.031000] CPU 1: 241, 0, 10031000000, 10031000000, 0
[   10.031000] CPU 2: 0, 0, 10031000000, 10031000000, 0
[   10.031000] CPU 3: 0, 0, 10031000000, 10031000000, 0
[   10.031000] CPU 4: 0, 0, 10031000000, 10031000000, 0
[   10.031000] EXECOP: {"op": 6, "a": 4, "b": 0, "c": 0}
[   10.031000] [92mWaked up task 79[0m
[   10.031000] Task 0 75: on_cpu=1, state=0, cpu=2, class=1, util_avg=344
[   10.031000] Task 1 76: on_cpu=1, state=0, cpu=3, class=1, util_avg=34
[   10.031000] Task 2 77: on_cpu=1, state=0, cpu=4, class=1, util_avg=338
[   10.031000] Task 3 78: on_cpu=1, state=0, cpu=1, class=0, util_avg=241
[   10.031000] Task 4 79: on_cpu=0, state=0, cpu=2, class=0, util_avg=0
[   10.031000] CPU 1: 241, 0, 10031000000, 10031000000, 0
[   10.031000] CPU 2: 0, 0, 10031000000, 10031000000, 0
[   10.031000] CPU 3: 0, 0, 10031000000, 10031000000, 0
[   10.031000] CPU 4: 0, 0, 10031000000, 10031000000, 0
[   10.031000] EXECOP: {"op": 13, "a": 0, "b": 4, "c": 0}
[   10.031000] [92mWriting /sys/fs/cgroup/cg0/cgroup.procs: 79[0m
[   10.031000] Task 0 75: on_cpu=1, state=0, cpu=2, class=1, util_avg=344
[   10.031000] Task 1 76: on_cpu=1, state=0, cpu=3, class=1, util_avg=34
[   10.031000] Task 2 77: on_cpu=1, state=0, cpu=4, class=1, util_avg=338
[   10.031000] Task 3 78: on_cpu=1, state=0, cpu=1, class=0, util_avg=241
[   10.031000] Task 4 79: on_cpu=0, state=0, cpu=2, class=0, util_avg=0
[   10.031000] CPU 1: 241, 0, 10031000000, 10031000000, 0
[   10.031000] CPU 2: 0, 0, 10031000000, 10031000000, 0
[   10.031000] CPU 3: 0, 0, 10031000000, 10031000000, 0
[   10.031000] CPU 4: 0, 0, 10031000000, 10031000000, 0
[   10.031000] EXECOP: {"op": 2, "a": 3, "b": 2, "c": 4}
[   10.031000] [92mPinned task 78 to CPUs 2-4[0m
[   10.031000] Task 0 75: on_cpu=1, state=0, cpu=2, class=1, util_avg=344
[   10.031000] Task 1 76: on_cpu=1, state=0, cpu=3, class=1, util_avg=34
[   10.031000] Task 2 77: on_cpu=1, state=0, cpu=4, class=1, util_avg=338
[   10.031000] Task 3 78: on_cpu=0, state=0, cpu=3, class=0, util_avg=241
[   10.031000] Task 4 79: on_cpu=0, state=0, cpu=2, class=0, util_avg=0
[   10.031000] CPU 1: 0, 0, 10031000000, 10031000000, 0
[   10.031000] CPU 2: 0, 0, 10031000000, 10031000000, 0
[   10.031000] CPU 3: 241, 0, 10031000000, 10031000000, 0
[   10.031000] CPU 4: 0, 0, 10031000000, 10031000000, 0
[   10.091000] should balance
[   10.091000] found group
[   10.091000] found target cpu 2
[   10.091000] should balance
[   10.131000] [92mRunnable task 0 (75) can run on idle CPUs 1-4[0m
[   10.131000] [92mwork_conserving_check: runnable=5 idle_cpus=1 eligible=1[0m
[   10.131000] [92mExiting driver executor on Linux 7.0.0-rc7-master[0m
[   10.131000] reboot: Restarting system
[   10.131000] reboot: machine restart
